2026-05-10 09:17:51,212 | INFO | 
2026-05-10 09:17:51,213 | INFO | =================================================================
2026-05-10 09:17:51,213 | INFO |   Nach0 LoRA Flavor Fine-tuning
2026-05-10 09:17:51,213 | INFO |   Mode    : WandB sweep → full train
2026-05-10 09:17:51,214 | INFO |   Device  : cuda
2026-05-10 09:17:51,214 | INFO |   Outputs : /export/cse/rmall/Raghvendra/PEARL/results/nach0/flavor_ft
2026-05-10 09:17:51,214 | INFO |   Weights : /export/cse/rmall/Raghvendra/EffiChem_Extras/nach0/flavor_ft
2026-05-10 09:17:51,214 | INFO |   CLI args: {'epochs': 10, 'batch_size': 16, 'lr': 0.0001, 'weight_decay': 0.01, 'grad_clip': 1.0, 'lora_r': 16, 'max_input_len': 512, 'num_workers': 4, 'output_dir': '/export/cse/rmall/Raghvendra/PEARL/results/nach0/flavor_ft', 'sweep': True, 'sweep_trials': 20, 'sweep_epochs': 10, 'wandb_project': 'nach0-flavor-ft'}
2026-05-10 09:17:51,214 | INFO | =================================================================
2026-05-10 09:17:51,214 | INFO | 
2026-05-10 09:17:51,214 | INFO | =================================================================
2026-05-10 09:17:51,214 | INFO |   [1/5] Loading datasets from /export/cse/rmall/Raghvendra/PEARL/data/clean/flavor_datasets
2026-05-10 09:17:51,214 | INFO | =================================================================
2026-05-10 09:17:51,618 | INFO |     train : 10517 molecules  (train_clean.csv)
2026-05-10 09:17:51,685 | INFO |     valid : 2254 molecules  (valid_clean.csv)
2026-05-10 09:17:51,769 | INFO |     test  : 2254 molecules  (test_clean.csv)
2026-05-10 09:17:51,769 | INFO |   Sizes — train: 10517 | valid: 2254 | test: 2254  (loaded in 0.6s)
2026-05-10 09:17:51,769 | INFO | 
2026-05-10 09:17:51,769 | INFO | =================================================================
2026-05-10 09:17:51,769 | INFO |   [2/5] Hyperparameter selection
2026-05-10 09:17:51,770 | INFO | =================================================================
2026-05-10 09:17:51,770 | INFO | 
2026-05-10 09:17:51,770 | INFO | =================================================================
2026-05-10 09:17:51,770 | INFO |   [SWEEP] WandB Bayesian hyperparameter sweep
2026-05-10 09:17:51,770 | INFO |   Project         : nach0-flavor-ft
2026-05-10 09:17:51,770 | INFO |   Trials          : 20
2026-05-10 09:17:51,770 | INFO |   Epochs per trial: 10
2026-05-10 09:17:51,771 | INFO | =================================================================
2026-05-10 09:17:51,771 | INFO | 
2026-05-10 09:17:51,771 | INFO |   Pre-loading train/valid datasets for sweep …
2026-05-10 09:17:51,832 | INFO |     train : 10517 molecules  (train_clean.csv)
2026-05-10 09:17:51,848 | INFO |     valid : 2254 molecules  (valid_clean.csv)
2026-05-10 09:17:51,849 | INFO |   Dataset sizes — train: 10517 | valid: 2254
2026-05-10 09:18:00,038 | INFO |   Sweep created: https://wandb.ai/raghvendra5688/nach0-flavor-ft/sweeps/euomq60s
2026-05-10 09:18:00,038 | INFO |   Starting 20 trials …
2026-05-10 09:18:12,479 | INFO | --- Sweep trial dopojsr7 | r=4  alpha=4  dropout=0.00  lr=2.08e-05  wd=0.000  bs=16 ---
2026-05-10 09:18:12,480 | INFO |     Loading insilicomedicine/nach0_base …
2026-05-10 09:18:32,185 | INFO |     LoRA: r=4  alpha=4  dropout=0.00  target=[q, v]
2026-05-10 09:21:35,750 | INFO |   Trial ep 1/10 | train=4.9668 | val=0.8464 | acc=0.6652 | mcc=0.0000 | 182.7s
2026-05-10 09:24:27,342 | INFO |   Trial ep 2/10 | train=0.6859 | val=0.3801 | acc=0.6646 | mcc=0.0078 | 171.6s
2026-05-10 09:27:18,751 | INFO |   Trial ep 3/10 | train=0.4809 | val=0.3156 | acc=0.7019 | mcc=0.2883 | 171.4s
2026-05-10 09:30:07,488 | INFO |   Trial ep 4/10 | train=0.4374 | val=0.2937 | acc=0.7263 | mcc=0.3787 | 168.7s
2026-05-10 09:32:56,941 | INFO |   Trial ep 5/10 | train=0.4116 | val=0.2796 | acc=0.7458 | mcc=0.4518 | 169.5s
2026-05-10 09:35:45,810 | INFO |   Trial ep 6/10 | train=0.3958 | val=0.2725 | acc=0.7564 | mcc=0.4829 | 168.9s
2026-05-10 09:38:42,315 | INFO |   Trial ep 7/10 | train=0.3840 | val=0.2662 | acc=0.7609 | mcc=0.4938 | 176.5s
2026-05-10 09:41:38,969 | INFO |   Trial ep 8/10 | train=0.3762 | val=0.2640 | acc=0.7622 | mcc=0.5001 | 176.7s
2026-05-10 09:44:35,394 | INFO |   Trial ep 9/10 | train=0.3762 | val=0.2632 | acc=0.7626 | mcc=0.5023 | 176.4s
2026-05-10 09:47:29,552 | INFO |   Trial ep 10/10 | train=0.3741 | val=0.2632 | acc=0.7626 | mcc=0.5023 | 174.2s
2026-05-10 09:47:29,556 | INFO |   Trial done | best_mcc=0.5023
2026-05-10 09:47:46,435 | INFO | --- Sweep trial h41qqovb | r=4  alpha=8  dropout=0.05  lr=8.45e-06  wd=0.010  bs=8 ---
2026-05-10 09:47:46,437 | INFO |     Loading insilicomedicine/nach0_base …
2026-05-10 09:47:50,048 | INFO |     LoRA: r=4  alpha=8  dropout=0.05  target=[q, v]
2026-05-10 09:53:34,519 | INFO |   Trial ep 1/10 | train=4.7049 | val=0.8085 | acc=0.6652 | mcc=0.0000 | 344.1s
2026-05-10 09:59:18,809 | INFO |   Trial ep 2/10 | train=0.6690 | val=0.3740 | acc=0.6659 | mcc=0.0496 | 344.3s
2026-05-10 10:05:03,984 | INFO |   Trial ep 3/10 | train=0.4854 | val=0.3229 | acc=0.6912 | mcc=0.2403 | 345.2s
2026-05-10 10:10:49,797 | INFO |   Trial ep 4/10 | train=0.4344 | val=0.2974 | acc=0.7272 | mcc=0.3879 | 345.8s
2026-05-10 10:16:33,928 | INFO |   Trial ep 5/10 | train=0.4142 | val=0.2831 | acc=0.7471 | mcc=0.4511 | 344.1s
2026-05-10 10:22:10,072 | INFO |   Trial ep 6/10 | train=0.3983 | val=0.2756 | acc=0.7511 | mcc=0.4656 | 336.1s
2026-05-10 10:27:44,222 | INFO |   Trial ep 7/10 | train=0.3818 | val=0.2720 | acc=0.7551 | mcc=0.4772 | 334.1s
2026-05-10 10:33:16,255 | INFO |   Trial ep 8/10 | train=0.3815 | val=0.2694 | acc=0.7551 | mcc=0.4779 | 332.0s
2026-05-10 10:38:56,812 | INFO |   Trial ep 9/10 | train=0.3820 | val=0.2678 | acc=0.7573 | mcc=0.4853 | 340.6s
2026-05-10 10:44:19,725 | INFO |   Trial ep 10/10 | train=0.3789 | val=0.2677 | acc=0.7582 | mcc=0.4880 | 322.9s
2026-05-10 10:44:19,729 | INFO |   Trial done | best_mcc=0.4880
2026-05-10 10:44:29,177 | INFO | --- Sweep trial z7kaej8d | r=4  alpha=8  dropout=0.00  lr=6.01e-06  wd=0.050  bs=16 ---
2026-05-10 10:44:29,178 | INFO |     Loading insilicomedicine/nach0_base …
2026-05-10 10:44:32,415 | INFO |     LoRA: r=4  alpha=8  dropout=0.00  target=[q, v]
2026-05-10 10:47:26,065 | INFO |   Trial ep 1/10 | train=6.8784 | val=4.4862 | acc=0.0000 | mcc=0.0000 | 173.4s
2026-05-10 10:50:10,163 | INFO |   Trial ep 2/10 | train=2.4666 | val=0.9269 | acc=0.6649 | mcc=0.0000 | 164.1s
2026-05-10 10:52:53,464 | INFO |   Trial ep 3/10 | train=0.9212 | val=0.5800 | acc=0.6647 | mcc=0.0128 | 163.3s
2026-05-10 10:55:36,198 | INFO |   Trial ep 4/10 | train=0.6393 | val=0.4062 | acc=0.6673 | mcc=0.0701 | 162.7s
2026-05-10 10:58:19,116 | INFO |   Trial ep 5/10 | train=0.5320 | val=0.3705 | acc=0.6673 | mcc=0.0702 | 162.9s
2026-05-10 11:01:05,014 | INFO |   Trial ep 6/10 | train=0.5084 | val=0.3530 | acc=0.6713 | mcc=0.1156 | 165.9s
2026-05-10 11:03:53,678 | INFO |   Trial ep 7/10 | train=0.4849 | val=0.3441 | acc=0.6770 | mcc=0.1609 | 168.7s
2026-05-10 11:06:39,920 | INFO |   Trial ep 8/10 | train=0.4804 | val=0.3414 | acc=0.6770 | mcc=0.1609 | 166.2s
2026-05-10 11:09:24,350 | INFO |   Trial ep 9/10 | train=0.4807 | val=0.3398 | acc=0.6766 | mcc=0.1578 | 164.4s
2026-05-10 11:12:08,203 | INFO |   Trial ep 10/10 | train=0.4794 | val=0.3396 | acc=0.6766 | mcc=0.1578 | 163.8s
2026-05-10 11:12:08,207 | INFO |   Trial done | best_mcc=0.1609
2026-05-10 11:12:17,801 | INFO | --- Sweep trial 5otpj8z0 | r=4  alpha=16  dropout=0.05  lr=1.38e-05  wd=0.010  bs=8 ---
2026-05-10 11:12:17,802 | INFO |     Loading insilicomedicine/nach0_base …
2026-05-10 11:12:21,062 | INFO |     LoRA: r=4  alpha=16  dropout=0.05  target=[q, v]
2026-05-10 11:17:54,348 | INFO |   Trial ep 1/10 | train=3.1869 | val=0.3607 | acc=0.6744 | mcc=0.1424 | 332.9s
2026-05-10 11:23:32,622 | INFO |   Trial ep 2/10 | train=0.4455 | val=0.2774 | acc=0.7484 | mcc=0.4575 | 338.3s
2026-05-10 11:29:15,800 | INFO |   Trial ep 3/10 | train=0.3813 | val=0.2541 | acc=0.7728 | mcc=0.5265 | 343.2s
2026-05-10 11:35:04,870 | INFO |   Trial ep 4/10 | train=0.3493 | val=0.2392 | acc=0.8017 | mcc=0.6061 | 349.1s
2026-05-10 11:40:51,693 | INFO |   Trial ep 5/10 | train=0.3346 | val=0.2315 | acc=0.8110 | mcc=0.6262 | 346.8s
2026-05-10 11:46:34,705 | INFO |   Trial ep 6/10 | train=0.3216 | val=0.2268 | acc=0.8159 | mcc=0.6408 | 343.0s
2026-05-10 11:52:22,046 | INFO |   Trial ep 7/10 | train=0.3221 | val=0.2226 | acc=0.8199 | mcc=0.6482 | 347.3s
2026-05-10 11:58:08,112 | INFO |   Trial ep 8/10 | train=0.3115 | val=0.2217 | acc=0.8212 | mcc=0.6507 | 346.1s
2026-05-10 12:03:55,719 | INFO |   Trial ep 9/10 | train=0.3134 | val=0.2218 | acc=0.8199 | mcc=0.6482 | 347.6s
2026-05-10 12:09:47,044 | INFO |   Trial ep 10/10 | train=0.3092 | val=0.2217 | acc=0.8203 | mcc=0.6492 | 351.3s
2026-05-10 12:09:47,049 | INFO |   Trial done | best_mcc=0.6507
2026-05-10 12:09:55,901 | INFO | --- Sweep trial avotqnhq | r=8  alpha=32  dropout=0.10  lr=2.01e-05  wd=0.050  bs=8 ---
2026-05-10 12:09:55,902 | INFO |     Loading insilicomedicine/nach0_base …
2026-05-10 12:09:59,396 | INFO |     LoRA: r=8  alpha=32  dropout=0.10  target=[q, v]
2026-05-10 12:15:54,129 | INFO |   Trial ep 1/10 | train=2.3164 | val=0.2860 | acc=0.7502 | mcc=0.4707 | 354.3s
2026-05-10 12:21:46,640 | INFO |   Trial ep 2/10 | train=0.3731 | val=0.2364 | acc=0.8043 | mcc=0.6171 | 352.5s
2026-05-10 12:27:26,957 | INFO |   Trial ep 3/10 | train=0.3254 | val=0.2226 | acc=0.8199 | mcc=0.6577 | 340.3s
2026-05-10 12:32:54,368 | INFO |   Trial ep 4/10 | train=0.3031 | val=0.2084 | acc=0.8305 | mcc=0.6788 | 327.4s
2026-05-10 12:38:22,336 | INFO |   Trial ep 5/10 | train=0.2887 | val=0.2021 | acc=0.8341 | mcc=0.6846 | 328.0s
2026-05-10 12:43:50,278 | INFO |   Trial ep 6/10 | train=0.2782 | val=0.1977 | acc=0.8354 | mcc=0.6858 | 327.9s
2026-05-10 12:49:18,004 | INFO |   Trial ep 7/10 | train=0.2768 | val=0.1967 | acc=0.8407 | mcc=0.6908 | 327.7s
2026-05-10 12:54:44,268 | INFO |   Trial ep 8/10 | train=0.2712 | val=0.1931 | acc=0.8407 | mcc=0.6962 | 326.3s
2026-05-10 13:00:18,088 | INFO |   Trial ep 9/10 | train=0.2724 | val=0.1937 | acc=0.8416 | mcc=0.6971 | 333.8s
2026-05-10 13:06:12,826 | INFO |   Trial ep 10/10 | train=0.2681 | val=0.1930 | acc=0.8429 | mcc=0.6989 | 354.7s
2026-05-10 13:06:12,831 | INFO |   Trial done | best_mcc=0.6989
2026-05-10 13:06:24,402 | INFO | --- Sweep trial kkae1zma | r=16  alpha=64  dropout=0.10  lr=1.23e-05  wd=0.010  bs=8 ---
2026-05-10 13:06:24,404 | INFO |     Loading insilicomedicine/nach0_base …
2026-05-10 13:06:27,890 | INFO |     LoRA: r=16  alpha=64  dropout=0.10  target=[q, v]
2026-05-10 13:12:18,224 | INFO |   Trial ep 1/10 | train=2.3432 | val=0.2870 | acc=0.7431 | mcc=0.4491 | 349.9s
2026-05-10 13:17:47,196 | INFO |   Trial ep 2/10 | train=0.3742 | val=0.2386 | acc=0.8043 | mcc=0.6108 | 329.0s
2026-05-10 13:23:11,157 | INFO |   Trial ep 3/10 | train=0.3303 | val=0.2222 | acc=0.8208 | mcc=0.6575 | 324.0s
2026-05-10 13:28:36,905 | INFO |   Trial ep 4/10 | train=0.3107 | val=0.2238 | acc=0.8270 | mcc=0.6742 | 325.7s
2026-05-10 13:34:12,134 | INFO |   Trial ep 5/10 | train=0.2936 | val=0.2063 | acc=0.8305 | mcc=0.6640 | 335.2s
2026-05-10 13:39:47,888 | INFO |   Trial ep 6/10 | train=0.2835 | val=0.2014 | acc=0.8314 | mcc=0.6793 | 335.8s
2026-05-10 13:45:27,182 | INFO |   Trial ep 7/10 | train=0.2823 | val=0.1995 | acc=0.8350 | mcc=0.6827 | 339.3s
2026-05-10 13:51:18,990 | INFO |   Trial ep 8/10 | train=0.2747 | val=0.1992 | acc=0.8354 | mcc=0.6855 | 351.8s
2026-05-10 13:57:09,282 | INFO |   Trial ep 9/10 | train=0.2743 | val=0.1969 | acc=0.8376 | mcc=0.6904 | 350.3s
2026-05-10 14:02:57,495 | INFO |   Trial ep 10/10 | train=0.2739 | val=0.1974 | acc=0.8381 | mcc=0.6909 | 348.2s
2026-05-10 14:02:57,500 | INFO |   Trial done | best_mcc=0.6909
2026-05-10 14:03:07,960 | INFO | --- Sweep trial acxggud3 | r=16  alpha=64  dropout=0.10  lr=5.41e-05  wd=0.050  bs=16 ---
2026-05-10 14:03:07,961 | INFO |     Loading insilicomedicine/nach0_base …
2026-05-10 14:03:11,469 | INFO |     LoRA: r=16  alpha=64  dropout=0.10  target=[q, v]
2026-05-10 14:06:11,866 | INFO |   Trial ep 1/10 | train=1.7290 | val=0.2391 | acc=0.8017 | mcc=0.6034 | 180.1s
2026-05-10 14:09:11,741 | INFO |   Trial ep 2/10 | train=0.3019 | val=0.2038 | acc=0.8314 | mcc=0.6817 | 179.9s
2026-05-10 14:12:11,930 | INFO |   Trial ep 3/10 | train=0.2725 | val=0.1847 | acc=0.8412 | mcc=0.6929 | 180.2s
2026-05-10 14:15:11,489 | INFO |   Trial ep 4/10 | train=0.2472 | val=0.1702 | acc=0.8545 | mcc=0.7241 | 179.6s
2026-05-10 14:18:11,307 | INFO |   Trial ep 5/10 | train=0.2343 | val=0.1637 | acc=0.8589 | mcc=0.7226 | 179.8s
2026-05-10 14:21:03,043 | INFO |   Trial ep 6/10 | train=0.2239 | val=0.1568 | acc=0.8709 | mcc=0.7439 | 171.7s
2026-05-10 14:23:54,603 | INFO |   Trial ep 7/10 | train=0.2209 | val=0.1543 | acc=0.8656 | mcc=0.7349 | 171.6s
2026-05-10 14:26:46,989 | INFO |   Trial ep 8/10 | train=0.2143 | val=0.1498 | acc=0.8700 | mcc=0.7500 | 172.4s
2026-05-10 14:29:37,246 | INFO |   Trial ep 9/10 | train=0.2123 | val=0.1494 | acc=0.8713 | mcc=0.7503 | 170.3s
2026-05-10 14:32:32,402 | INFO |   Trial ep 10/10 | train=0.2139 | val=0.1492 | acc=0.8709 | mcc=0.7497 | 175.2s
2026-05-10 14:32:32,406 | INFO |   Trial done | best_mcc=0.7503
2026-05-10 14:32:40,825 | INFO | --- Sweep trial ig74jafd | r=8  alpha=32  dropout=0.10  lr=1.25e-04  wd=0.050  bs=8 ---
2026-05-10 14:32:40,826 | INFO |     Loading insilicomedicine/nach0_base …
2026-05-10 14:32:44,029 | INFO |     LoRA: r=8  alpha=32  dropout=0.10  target=[q, v]
2026-05-10 14:38:16,436 | INFO |   Trial ep 1/10 | train=1.1478 | val=0.2166 | acc=0.8296 | mcc=0.6788 | 332.2s
2026-05-10 14:44:05,982 | INFO |   Trial ep 2/10 | train=0.2739 | val=0.1791 | acc=0.8527 | mcc=0.7168 | 349.5s
2026-05-10 14:49:56,824 | INFO |   Trial ep 3/10 | train=0.2423 | val=0.1513 | acc=0.8647 | mcc=0.7425 | 350.8s
2026-05-10 14:55:48,210 | INFO |   Trial ep 4/10 | train=0.2190 | val=0.1558 | acc=0.8776 | mcc=0.7726 | 351.4s
2026-05-10 15:01:38,399 | INFO |   Trial ep 5/10 | train=0.2082 | val=0.1357 | acc=0.8864 | mcc=0.7783 | 350.2s
2026-05-10 15:07:30,139 | INFO |   Trial ep 6/10 | train=0.1968 | val=0.1349 | acc=0.8913 | mcc=0.7915 | 351.7s
2026-05-10 15:13:22,249 | INFO |   Trial ep 7/10 | train=0.1845 | val=0.1333 | acc=0.8900 | mcc=0.7900 | 352.1s
2026-05-10 15:19:14,372 | INFO |   Trial ep 8/10 | train=0.1821 | val=0.1291 | acc=0.8962 | mcc=0.8020 | 352.1s
2026-05-10 15:25:06,440 | INFO |   Trial ep 9/10 | train=0.1771 | val=0.1267 | acc=0.8962 | mcc=0.7991 | 352.1s
2026-05-10 15:31:00,269 | INFO |   Trial ep 10/10 | train=0.1764 | val=0.1272 | acc=0.8944 | mcc=0.7953 | 353.8s
2026-05-10 15:31:00,274 | INFO |   Trial done | best_mcc=0.8020
2026-05-10 15:31:10,223 | INFO | --- Sweep trial irwkj4yg | r=16  alpha=64  dropout=0.10  lr=3.42e-04  wd=0.010  bs=16 ---
2026-05-10 15:31:10,224 | INFO |     Loading insilicomedicine/nach0_base …
2026-05-10 15:31:13,659 | INFO |     LoRA: r=16  alpha=64  dropout=0.10  target=[q, v]
2026-05-10 15:33:46,994 | INFO |   Trial ep 1/10 | train=0.9173 | val=0.1770 | acc=0.8536 | mcc=0.7255 | 152.9s
2026-05-10 15:36:32,087 | INFO |   Trial ep 2/10 | train=0.2418 | val=0.1615 | acc=0.8642 | mcc=0.7559 | 165.1s
2026-05-10 15:39:22,170 | INFO |   Trial ep 3/10 | train=0.2074 | val=0.1544 | acc=0.8682 | mcc=0.7654 | 170.1s
2026-05-10 15:41:39,674 | INFO |   Trial ep 4/10 | train=0.1938 | val=0.1312 | acc=0.8895 | mcc=0.7835 | 137.5s
2026-05-10 15:44:20,536 | INFO |   Trial ep 5/10 | train=0.1750 | val=0.1165 | acc=0.8953 | mcc=0.7961 | 160.9s
2026-05-10 15:46:35,152 | INFO |   Trial ep 6/10 | train=0.1611 | val=0.1089 | acc=0.9028 | mcc=0.8148 | 134.6s
2026-05-10 15:49:24,531 | INFO |   Trial ep 7/10 | train=0.1509 | val=0.1063 | acc=0.9037 | mcc=0.8145 | 169.4s
2026-05-10 15:52:11,338 | INFO |   Trial ep 8/10 | train=0.1383 | val=0.1059 | acc=0.9020 | mcc=0.8121 | 166.8s
2026-05-10 15:54:57,959 | INFO |   Trial ep 9/10 | train=0.1332 | val=0.1064 | acc=0.9024 | mcc=0.8133 | 166.6s
2026-05-10 15:57:44,330 | INFO |   Trial ep 10/10 | train=0.1293 | val=0.1062 | acc=0.9037 | mcc=0.8159 | 166.4s
2026-05-10 15:57:44,334 | INFO |   Trial done | best_mcc=0.8159
2026-05-10 15:58:00,758 | INFO | --- Sweep trial av7hxcje | r=16  alpha=64  dropout=0.10  lr=4.75e-04  wd=0.050  bs=8 ---
2026-05-10 15:58:00,759 | INFO |     Loading insilicomedicine/nach0_base …
2026-05-10 15:58:04,064 | INFO |     LoRA: r=16  alpha=64  dropout=0.10  target=[q, v]
2026-05-10 16:03:31,465 | INFO |   Trial ep 1/10 | train=0.6802 | val=0.1886 | acc=0.8398 | mcc=0.7086 | 327.2s
2026-05-10 16:08:59,198 | INFO |   Trial ep 2/10 | train=0.2431 | val=0.1731 | acc=0.8523 | mcc=0.7400 | 327.7s
2026-05-10 16:14:12,729 | INFO |   Trial ep 3/10 | train=0.2183 | val=0.1469 | acc=0.8753 | mcc=0.7760 | 313.5s
2026-05-10 16:19:37,831 | INFO |   Trial ep 4/10 | train=0.2000 | val=0.1259 | acc=0.8971 | mcc=0.8000 | 325.1s
2026-05-10 16:25:01,460 | INFO |   Trial ep 5/10 | train=0.1823 | val=0.1250 | acc=0.8940 | mcc=0.8002 | 323.6s
2026-05-10 16:30:26,787 | INFO |   Trial ep 6/10 | train=0.1668 | val=0.1214 | acc=0.8900 | mcc=0.7952 | 325.3s
2026-05-10 16:35:52,396 | INFO |   Trial ep 7/10 | train=0.1541 | val=0.1168 | acc=0.8984 | mcc=0.8060 | 325.6s
2026-05-10 16:41:20,217 | INFO |   Trial ep 8/10 | train=0.1409 | val=0.1192 | acc=0.8944 | mcc=0.7923 | 327.8s
2026-05-10 16:46:45,992 | INFO |   Trial ep 9/10 | train=0.1347 | val=0.1121 | acc=0.9028 | mcc=0.8129 | 325.8s
2026-05-10 16:52:11,441 | INFO |   Trial ep 10/10 | train=0.1255 | val=0.1141 | acc=0.9006 | mcc=0.8085 | 325.4s
2026-05-10 16:52:11,445 | INFO |   Trial done | best_mcc=0.8129
2026-05-10 16:52:22,950 | INFO | --- Sweep trial 7rwvxfh3 | r=8  alpha=32  dropout=0.10  lr=2.10e-04  wd=0.000  bs=8 ---
2026-05-10 16:52:22,951 | INFO |     Loading insilicomedicine/nach0_base …
2026-05-10 16:52:26,841 | INFO |     LoRA: r=8  alpha=32  dropout=0.10  target=[q, v]
2026-05-10 16:58:03,742 | INFO |   Trial ep 1/10 | train=0.9794 | val=0.1982 | acc=0.8358 | mcc=0.6775 | 336.7s
2026-05-10 17:03:55,308 | INFO |   Trial ep 2/10 | train=0.2523 | val=0.1487 | acc=0.8713 | mcc=0.7506 | 351.6s
2026-05-10 17:09:46,700 | INFO |   Trial ep 3/10 | train=0.2223 | val=0.1473 | acc=0.8740 | mcc=0.7682 | 351.4s
2026-05-10 17:15:39,466 | INFO |   Trial ep 4/10 | train=0.2051 | val=0.1388 | acc=0.8838 | mcc=0.7843 | 352.8s
2026-05-10 17:21:25,974 | INFO |   Trial ep 5/10 | train=0.1912 | val=0.1319 | acc=0.8864 | mcc=0.7754 | 346.5s
2026-05-10 17:27:11,388 | INFO |   Trial ep 6/10 | train=0.1768 | val=0.1184 | acc=0.8966 | mcc=0.8020 | 345.4s
2026-05-10 17:32:39,401 | INFO |   Trial ep 7/10 | train=0.1686 | val=0.1275 | acc=0.8971 | mcc=0.8007 | 328.0s
2026-05-10 17:38:26,305 | INFO |   Trial ep 8/10 | train=0.1620 | val=0.1181 | acc=0.8984 | mcc=0.8022 | 346.9s
2026-05-10 17:44:16,171 | INFO |   Trial ep 9/10 | train=0.1567 | val=0.1151 | acc=0.9011 | mcc=0.8092 | 349.9s
2026-05-10 17:50:06,245 | INFO |   Trial ep 10/10 | train=0.1510 | val=0.1153 | acc=0.9002 | mcc=0.8076 | 350.1s
2026-05-10 17:50:06,249 | INFO |   Trial done | best_mcc=0.8092
2026-05-10 17:50:14,233 | INFO | --- Sweep trial b27t71gb | r=32  alpha=128  dropout=0.10  lr=3.71e-04  wd=0.010  bs=8 ---
2026-05-10 17:50:14,233 | INFO |     Loading insilicomedicine/nach0_base …
2026-05-10 17:50:18,064 | INFO |     LoRA: r=32  alpha=128  dropout=0.10  target=[q, v]
2026-05-10 17:56:08,000 | INFO |   Trial ep 1/10 | train=0.6537 | val=0.1705 | acc=0.8647 | mcc=0.7395 | 349.5s
2026-05-10 18:01:58,280 | INFO |   Trial ep 2/10 | train=0.2398 | val=0.1712 | acc=0.8665 | mcc=0.7374 | 350.3s
2026-05-10 18:07:48,716 | INFO |   Trial ep 3/10 | train=0.2103 | val=0.1521 | acc=0.8744 | mcc=0.7500 | 350.4s
2026-05-10 18:13:37,295 | INFO |   Trial ep 4/10 | train=0.1987 | val=0.1462 | acc=0.8802 | mcc=0.7861 | 348.6s
2026-05-10 18:19:05,744 | INFO |   Trial ep 5/10 | train=0.1809 | val=0.1253 | acc=0.8900 | mcc=0.7910 | 328.4s
2026-05-10 18:24:49,621 | INFO |   Trial ep 6/10 | train=0.1630 | val=0.1220 | acc=0.8971 | mcc=0.8017 | 343.9s
2026-05-10 18:30:31,953 | INFO |   Trial ep 7/10 | train=0.1491 | val=0.1245 | acc=0.9015 | mcc=0.8075 | 342.3s
2026-05-10 18:35:16,449 | INFO |   Trial ep 8/10 | train=0.1386 | val=0.1143 | acc=0.9033 | mcc=0.8114 | 284.5s
2026-05-10 18:41:05,001 | INFO |   Trial ep 9/10 | train=0.1291 | val=0.1155 | acc=0.9051 | mcc=0.8164 | 348.5s
2026-05-10 18:46:55,094 | INFO |   Trial ep 10/10 | train=0.1212 | val=0.1149 | acc=0.9051 | mcc=0.8167 | 350.1s
2026-05-10 18:46:55,097 | INFO |   Trial done | best_mcc=0.8167
2026-05-10 18:47:04,844 | INFO | --- Sweep trial 354l4g00 | r=4  alpha=16  dropout=0.10  lr=4.74e-04  wd=0.010  bs=8 ---
2026-05-10 18:47:04,844 | INFO |     Loading insilicomedicine/nach0_base …
2026-05-10 18:47:08,635 | INFO |     LoRA: r=4  alpha=16  dropout=0.10  target=[q, v]
2026-05-10 18:52:54,238 | INFO |   Trial ep 1/10 | train=0.8624 | val=0.1806 | acc=0.8594 | mcc=0.7268 | 345.2s
2026-05-10 18:58:40,346 | INFO |   Trial ep 2/10 | train=0.2464 | val=0.1862 | acc=0.8287 | mcc=0.6515 | 346.1s
2026-05-10 19:04:32,794 | INFO |   Trial ep 3/10 | train=0.2156 | val=0.1600 | acc=0.8678 | mcc=0.7552 | 352.4s
2026-05-10 19:10:23,735 | INFO |   Trial ep 4/10 | train=0.1962 | val=0.1365 | acc=0.8780 | mcc=0.7587 | 350.9s
2026-05-10 19:16:15,404 | INFO |   Trial ep 5/10 | train=0.1798 | val=0.1282 | acc=0.8957 | mcc=0.8024 | 351.7s
2026-05-10 19:22:09,145 | INFO |   Trial ep 6/10 | train=0.1637 | val=0.1195 | acc=0.8944 | mcc=0.7967 | 353.7s
2026-05-10 19:27:52,785 | INFO |   Trial ep 7/10 | train=0.1561 | val=0.1148 | acc=0.9042 | mcc=0.8143 | 343.6s
2026-05-10 19:33:43,721 | INFO |   Trial ep 8/10 | train=0.1467 | val=0.1157 | acc=0.9020 | mcc=0.8110 | 350.9s
2026-05-10 19:39:35,141 | INFO |   Trial ep 9/10 | train=0.1412 | val=0.1156 | acc=0.9015 | mcc=0.8099 | 351.4s
2026-05-10 19:45:22,587 | INFO |   Trial ep 10/10 | train=0.1368 | val=0.1159 | acc=0.9033 | mcc=0.8139 | 347.4s
2026-05-10 19:45:22,592 | INFO |   Trial done | best_mcc=0.8143
2026-05-10 19:45:33,624 | INFO | --- Sweep trial 0gn9kjp8 | r=8  alpha=32  dropout=0.05  lr=3.98e-04  wd=0.000  bs=8 ---
2026-05-10 19:45:33,624 | INFO |     Loading insilicomedicine/nach0_base …
2026-05-10 19:45:37,294 | INFO |     LoRA: r=8  alpha=32  dropout=0.05  target=[q, v]
2026-05-10 19:51:31,671 | INFO |   Trial ep 1/10 | train=0.7994 | val=0.1922 | acc=0.8496 | mcc=0.7219 | 354.0s
2026-05-10 19:57:23,975 | INFO |   Trial ep 2/10 | train=0.2405 | val=0.1530 | acc=0.8687 | mcc=0.7501 | 352.3s
2026-05-10 20:03:15,132 | INFO |   Trial ep 3/10 | train=0.2092 | val=0.1471 | acc=0.8744 | mcc=0.7651 | 351.2s
2026-05-10 20:09:07,997 | INFO |   Trial ep 4/10 | train=0.1972 | val=0.1226 | acc=0.8935 | mcc=0.7932 | 352.9s
2026-05-10 20:15:00,043 | INFO |   Trial ep 5/10 | train=0.1768 | val=0.1217 | acc=0.8931 | mcc=0.7998 | 352.0s
2026-05-10 20:20:51,430 | INFO |   Trial ep 6/10 | train=0.1661 | val=0.1231 | acc=0.8988 | mcc=0.8062 | 351.4s
2026-05-10 20:26:44,868 | INFO |   Trial ep 7/10 | train=0.1528 | val=0.1185 | acc=0.9011 | mcc=0.8088 | 353.4s
2026-05-10 20:32:38,964 | INFO |   Trial ep 8/10 | train=0.1424 | val=0.1178 | acc=0.9037 | mcc=0.8148 | 354.1s
2026-05-10 20:38:31,506 | INFO |   Trial ep 9/10 | train=0.1361 | val=0.1189 | acc=0.9028 | mcc=0.8147 | 352.5s
2026-05-10 20:44:23,358 | INFO |   Trial ep 10/10 | train=0.1302 | val=0.1198 | acc=0.9028 | mcc=0.8143 | 351.8s
2026-05-10 20:44:23,363 | INFO |   Trial done | best_mcc=0.8148
2026-05-10 20:44:34,129 | INFO | --- Sweep trial ocrftf1f | r=16  alpha=64  dropout=0.10  lr=4.04e-04  wd=0.000  bs=8 ---
2026-05-10 20:44:34,130 | INFO |     Loading insilicomedicine/nach0_base …
2026-05-10 20:44:38,301 | INFO |     LoRA: r=16  alpha=64  dropout=0.10  target=[q, v]
2026-05-10 20:50:32,564 | INFO |   Trial ep 1/10 | train=0.7194 | val=0.1980 | acc=0.8376 | mcc=0.6865 | 354.0s
2026-05-10 20:56:24,251 | INFO |   Trial ep 2/10 | train=0.2430 | val=0.1582 | acc=0.8452 | mcc=0.6870 | 351.7s
2026-05-10 21:02:17,039 | INFO |   Trial ep 3/10 | train=0.2097 | val=0.1394 | acc=0.8687 | mcc=0.7533 | 352.8s
2026-05-10 21:08:08,281 | INFO |   Trial ep 4/10 | train=0.1904 | val=0.1351 | acc=0.8864 | mcc=0.7904 | 351.2s
2026-05-10 21:13:59,303 | INFO |   Trial ep 5/10 | train=0.1754 | val=0.1241 | acc=0.8891 | mcc=0.7954 | 351.0s
2026-05-10 21:19:53,033 | INFO |   Trial ep 6/10 | train=0.1625 | val=0.1116 | acc=0.9020 | mcc=0.8099 | 353.7s
2026-05-10 21:25:45,727 | INFO |   Trial ep 7/10 | train=0.1454 | val=0.1152 | acc=0.9068 | mcc=0.8202 | 352.7s
2026-05-10 21:31:40,185 | INFO |   Trial ep 8/10 | train=0.1367 | val=0.1142 | acc=0.9042 | mcc=0.8149 | 354.5s
2026-05-10 21:37:33,536 | INFO |   Trial ep 9/10 | train=0.1274 | val=0.1146 | acc=0.9077 | mcc=0.8244 | 353.3s
2026-05-10 21:43:26,977 | INFO |   Trial ep 10/10 | train=0.1200 | val=0.1142 | acc=0.9077 | mcc=0.8235 | 353.4s
2026-05-10 21:43:26,981 | INFO |   Trial done | best_mcc=0.8244
2026-05-10 21:43:38,226 | INFO | --- Sweep trial ff5fnq0n | r=4  alpha=16  dropout=0.10  lr=2.61e-04  wd=0.000  bs=8 ---
2026-05-10 21:43:38,227 | INFO |     Loading insilicomedicine/nach0_base …
2026-05-10 21:43:41,961 | INFO |     LoRA: r=4  alpha=16  dropout=0.10  target=[q, v]
2026-05-10 21:49:09,426 | INFO |   Trial ep 1/10 | train=1.0434 | val=0.1918 | acc=0.8390 | mcc=0.6917 | 326.9s
2026-05-10 21:54:47,582 | INFO |   Trial ep 2/10 | train=0.2619 | val=0.1718 | acc=0.8669 | mcc=0.7417 | 338.2s
2026-05-10 22:00:16,728 | INFO |   Trial ep 3/10 | train=0.2237 | val=0.1496 | acc=0.8736 | mcc=0.7635 | 329.1s
2026-05-10 22:05:59,466 | INFO |   Trial ep 4/10 | train=0.2091 | val=0.1325 | acc=0.8860 | mcc=0.7802 | 342.7s
2026-05-10 22:11:37,763 | INFO |   Trial ep 5/10 | train=0.1934 | val=0.1320 | acc=0.8838 | mcc=0.7781 | 338.3s
2026-05-10 22:17:20,077 | INFO |   Trial ep 6/10 | train=0.1788 | val=0.1236 | acc=0.8926 | mcc=0.7899 | 342.3s
2026-05-10 22:23:10,848 | INFO |   Trial ep 7/10 | train=0.1728 | val=0.1229 | acc=0.8949 | mcc=0.7962 | 350.8s
2026-05-10 22:27:15,476 | INFO |   Trial ep 8/10 | train=0.1640 | val=0.1200 | acc=0.8944 | mcc=0.7950 | 244.6s
2026-05-10 22:33:07,192 | INFO |   Trial ep 9/10 | train=0.1627 | val=0.1197 | acc=0.8971 | mcc=0.8003 | 351.7s
2026-05-10 22:38:58,805 | INFO |   Trial ep 10/10 | train=0.1598 | val=0.1193 | acc=0.8993 | mcc=0.8056 | 351.6s
2026-05-10 22:38:58,809 | INFO |   Trial done | best_mcc=0.8056
2026-05-10 22:39:15,996 | INFO | --- Sweep trial 3qcvs7l9 | r=32  alpha=128  dropout=0.10  lr=4.88e-04  wd=0.000  bs=8 ---
2026-05-10 22:39:15,997 | INFO |     Loading insilicomedicine/nach0_base …
2026-05-10 22:39:20,178 | INFO |     LoRA: r=32  alpha=128  dropout=0.10  target=[q, v]
2026-05-10 22:45:35,286 | INFO |   Trial ep 1/10 | train=0.6115 | val=0.2522 | acc=0.7711 | mcc=0.6021 | 374.5s
2026-05-10 22:51:27,780 | INFO |   Trial ep 2/10 | train=0.2551 | val=0.1891 | acc=0.8452 | mcc=0.6855 | 352.5s
2026-05-10 22:57:21,464 | INFO |   Trial ep 3/10 | train=0.2626 | val=0.1961 | acc=0.8651 | mcc=0.7388 | 353.7s
2026-05-10 23:03:08,850 | INFO |   Trial ep 4/10 | train=0.2400 | val=0.2107 | acc=0.8332 | mcc=0.6844 | 347.4s
2026-05-10 23:09:02,440 | INFO |   Trial ep 5/10 | train=0.2331 | val=0.1609 | acc=0.8700 | mcc=0.7448 | 353.6s
2026-05-10 23:14:52,761 | INFO |   Trial ep 6/10 | train=0.2172 | val=0.1394 | acc=0.8807 | mcc=0.7789 | 350.3s
2026-05-10 23:20:42,672 | INFO |   Trial ep 7/10 | train=0.1924 | val=0.1392 | acc=0.8820 | mcc=0.7710 | 349.9s
2026-05-10 23:26:34,350 | INFO |   Trial ep 8/10 | train=0.1786 | val=0.1330 | acc=0.8864 | mcc=0.7786 | 351.7s
2026-05-10 23:32:26,855 | INFO |   Trial ep 9/10 | train=0.1665 | val=0.1234 | acc=0.8917 | mcc=0.7923 | 352.5s
2026-05-10 23:38:19,388 | INFO |   Trial ep 10/10 | train=0.1592 | val=0.1253 | acc=0.8944 | mcc=0.7974 | 352.5s
2026-05-10 23:38:19,392 | INFO |   Trial done | best_mcc=0.7974
2026-05-10 23:38:28,234 | INFO | --- Sweep trial hdcqkv5i | r=16  alpha=64  dropout=0.05  lr=2.50e-04  wd=0.000  bs=8 ---
2026-05-10 23:38:28,236 | INFO |     Loading insilicomedicine/nach0_base …
2026-05-10 23:38:31,852 | INFO |     LoRA: r=16  alpha=64  dropout=0.05  target=[q, v]
2026-05-10 23:44:27,618 | INFO |   Trial ep 1/10 | train=0.8151 | val=0.2097 | acc=0.8230 | mcc=0.6776 | 355.4s
2026-05-10 23:50:21,696 | INFO |   Trial ep 2/10 | train=0.2419 | val=0.1474 | acc=0.8776 | mcc=0.7679 | 354.1s
2026-05-10 23:56:17,070 | INFO |   Trial ep 3/10 | train=0.2104 | val=0.1327 | acc=0.8798 | mcc=0.7670 | 355.4s
2026-05-11 00:01:50,419 | INFO |   Trial ep 4/10 | train=0.1906 | val=0.1344 | acc=0.8829 | mcc=0.7744 | 333.3s
2026-05-11 00:07:43,998 | INFO |   Trial ep 5/10 | train=0.1763 | val=0.1283 | acc=0.8900 | mcc=0.7961 | 353.6s
2026-05-11 00:11:52,838 | INFO |   Trial ep 6/10 | train=0.1614 | val=0.1255 | acc=0.8891 | mcc=0.7921 | 248.8s
2026-05-11 00:17:45,095 | INFO |   Trial ep 7/10 | train=0.1518 | val=0.1231 | acc=0.8971 | mcc=0.8041 | 352.3s
2026-05-11 00:23:38,032 | INFO |   Trial ep 8/10 | train=0.1388 | val=0.1224 | acc=0.9002 | mcc=0.8117 | 352.9s
2026-05-11 00:29:28,772 | INFO |   Trial ep 9/10 | train=0.1364 | val=0.1197 | acc=0.8984 | mcc=0.8064 | 350.7s
2026-05-11 00:35:20,613 | INFO |   Trial ep 10/10 | train=0.1309 | val=0.1190 | acc=0.9020 | mcc=0.8115 | 351.8s
2026-05-11 00:35:20,618 | INFO |   Trial done | best_mcc=0.8117
2026-05-11 00:35:32,310 | INFO | --- Sweep trial at8l8vna | r=16  alpha=64  dropout=0.10  lr=2.76e-04  wd=0.010  bs=8 ---
2026-05-11 00:35:32,311 | INFO |     Loading insilicomedicine/nach0_base …
2026-05-11 00:35:35,863 | INFO |     LoRA: r=16  alpha=64  dropout=0.10  target=[q, v]
2026-05-11 00:41:30,738 | INFO |   Trial ep 1/10 | train=0.7924 | val=0.2093 | acc=0.8407 | mcc=0.7024 | 354.5s
2026-05-11 00:47:20,800 | INFO |   Trial ep 2/10 | train=0.2444 | val=0.1614 | acc=0.8594 | mcc=0.7282 | 350.1s
2026-05-11 00:53:14,634 | INFO |   Trial ep 3/10 | train=0.2094 | val=0.1392 | acc=0.8833 | mcc=0.7741 | 353.8s
2026-05-11 00:59:09,239 | INFO |   Trial ep 4/10 | train=0.1907 | val=0.1347 | acc=0.8878 | mcc=0.7894 | 354.6s
2026-05-11 01:05:03,232 | INFO |   Trial ep 5/10 | train=0.1734 | val=0.1483 | acc=0.8851 | mcc=0.7749 | 354.0s
2026-05-11 01:10:52,283 | INFO |   Trial ep 6/10 | train=0.1612 | val=0.1232 | acc=0.8944 | mcc=0.7987 | 349.0s
2026-05-11 01:16:44,809 | INFO |   Trial ep 7/10 | train=0.1497 | val=0.1259 | acc=0.9002 | mcc=0.8110 | 352.5s
2026-05-11 01:22:38,825 | INFO |   Trial ep 8/10 | train=0.1410 | val=0.1246 | acc=0.8980 | mcc=0.8052 | 354.0s
2026-05-11 01:28:25,367 | INFO |   Trial ep 9/10 | train=0.1330 | val=0.1239 | acc=0.8997 | mcc=0.8080 | 346.5s
2026-05-11 01:34:15,131 | INFO |   Trial ep 10/10 | train=0.1312 | val=0.1240 | acc=0.9006 | mcc=0.8089 | 349.8s
2026-05-11 01:34:15,136 | INFO |   Trial done | best_mcc=0.8110
2026-05-11 01:34:26,570 | INFO | --- Sweep trial e1ih4al9 | r=16  alpha=64  dropout=0.10  lr=4.02e-04  wd=0.000  bs=8 ---
2026-05-11 01:34:26,571 | INFO |     Loading insilicomedicine/nach0_base …
2026-05-11 01:34:30,259 | INFO |     LoRA: r=16  alpha=64  dropout=0.10  target=[q, v]
2026-05-11 01:40:23,826 | INFO |   Trial ep 1/10 | train=0.7183 | val=0.1749 | acc=0.8514 | mcc=0.7264 | 353.3s
2026-05-11 01:46:17,388 | INFO |   Trial ep 2/10 | train=0.2398 | val=0.1574 | acc=0.8669 | mcc=0.7543 | 353.6s
2026-05-11 01:52:10,339 | INFO |   Trial ep 3/10 | train=0.2098 | val=0.1438 | acc=0.8780 | mcc=0.7685 | 352.9s
2026-05-11 01:58:04,161 | INFO |   Trial ep 4/10 | train=0.1933 | val=0.1289 | acc=0.8935 | mcc=0.7971 | 353.8s
2026-05-11 02:03:59,414 | INFO |   Trial ep 5/10 | train=0.1756 | val=0.1279 | acc=0.8878 | mcc=0.7805 | 355.2s
2026-05-11 02:09:49,134 | INFO |   Trial ep 6/10 | train=0.1604 | val=0.1187 | acc=0.8975 | mcc=0.7985 | 349.7s
2026-05-11 02:15:40,043 | INFO |   Trial ep 7/10 | train=0.1486 | val=0.1166 | acc=0.8935 | mcc=0.7932 | 350.9s
2026-05-11 02:21:33,085 | INFO |   Trial ep 8/10 | train=0.1364 | val=0.1151 | acc=0.9033 | mcc=0.8132 | 353.0s
2026-05-11 02:27:25,728 | INFO |   Trial ep 9/10 | train=0.1273 | val=0.1158 | acc=0.8984 | mcc=0.8031 | 352.6s
2026-05-11 02:33:19,280 | INFO |   Trial ep 10/10 | train=0.1213 | val=0.1167 | acc=0.8993 | mcc=0.8044 | 353.5s
2026-05-11 02:33:19,284 | INFO |   Trial done | best_mcc=0.8132
2026-05-11 02:33:22,004 | INFO |   All trials finished in 62122.0s
2026-05-11 02:33:22,005 | INFO | 
2026-05-11 02:33:22,005 | INFO |   Fetching best configuration from WandB API …
2026-05-11 02:33:25,934 | INFO |   Best run     : ocrftf1f
2026-05-11 02:33:25,935 | INFO |   Best val_mcc : 0.8244
2026-05-11 02:33:25,935 | INFO |   Best config:
2026-05-11 02:33:25,935 | INFO |     lr                   = 0.0004044695911447425
2026-05-11 02:33:25,935 | INFO |     lora_r               = 16
2026-05-11 02:33:25,935 | INFO |     batch_size           = 8
2026-05-11 02:33:25,935 | INFO |     lora_dropout         = 0.1
2026-05-11 02:33:25,936 | INFO |     weight_decay         = 0
2026-05-11 02:33:25,936 | INFO |     lora_alpha_mult      = 4
2026-05-11 02:33:25,936 | INFO |   Source: WandB sweep best run
2026-05-11 02:33:25,936 | INFO |   lora_r=16  lora_alpha=64  lora_dropout=0.10  lr=4.04e-04  weight_decay=0.0000  batch_size=8
2026-05-11 02:33:25,936 | INFO | 
2026-05-11 02:33:25,936 | INFO | =================================================================
2026-05-11 02:33:25,937 | INFO |   [3/5] Building model and DataLoaders
2026-05-11 02:33:25,937 | INFO | =================================================================
2026-05-11 02:33:25,937 | INFO |     Loading insilicomedicine/nach0_base …
2026-05-11 02:33:29,597 | INFO |     LoRA: r=16  alpha=64  dropout=0.10  target=[q, v]
2026-05-11 02:33:29,912 | INFO |   Steps: 13150 total | 657 warmup | 1315 batches/epoch
2026-05-11 02:33:29,912 | INFO |   Model + DataLoaders ready in 4.0s
2026-05-11 02:33:29,912 | INFO | 
2026-05-11 02:33:29,912 | INFO | =================================================================
2026-05-11 02:33:29,912 | INFO |   [4/5] Training for 10 epochs
2026-05-11 02:33:29,912 | INFO | =================================================================
2026-05-11 02:33:33,861 | INFO |   WandB run started: nach0-flavor-ft/full-train
2026-05-11 02:33:33,861 | INFO | 
2026-05-11 02:33:33,862 | INFO |   -- Epoch 1/10 --
2026-05-11 02:38:44,399 | INFO |   train_loss = 0.7138
2026-05-11 02:39:25,972 | INFO |   val_loss = 0.2154 | val_acc = 0.8416 | val_mcc = 0.7225 | epoch_time = 352.1s
2026-05-11 02:39:27,065 | INFO |     Checkpoint saved → /export/cse/rmall/Raghvendra/EffiChem_Extras/nach0/flavor_ft/best_model  (epoch=1  val_acc=0.8416  val_mcc=0.7225)
2026-05-11 02:39:27,066 | INFO |   *** New best val_mcc=0.7225 — checkpoint saved ***
2026-05-11 02:39:27,066 | INFO | 
2026-05-11 02:39:27,067 | INFO |   -- Epoch 2/10 --
2026-05-11 02:44:39,058 | INFO |   train_loss = 0.2394
2026-05-11 02:45:21,296 | INFO |   val_loss = 0.1495 | val_acc = 0.8744 | val_mcc = 0.7753 | epoch_time = 354.2s
2026-05-11 02:45:22,208 | INFO |     Checkpoint saved → /export/cse/rmall/Raghvendra/EffiChem_Extras/nach0/flavor_ft/best_model  (epoch=2  val_acc=0.8744  val_mcc=0.7753)
2026-05-11 02:45:22,209 | INFO |   *** New best val_mcc=0.7753 — checkpoint saved ***
2026-05-11 02:45:22,210 | INFO | 
2026-05-11 02:45:22,210 | INFO |   -- Epoch 3/10 --
2026-05-11 02:50:35,398 | INFO |   train_loss = 0.2064
2026-05-11 02:51:17,317 | INFO |   val_loss = 0.1539 | val_acc = 0.8749 | val_mcc = 0.7600 | epoch_time = 355.1s
2026-05-11 02:51:17,319 | INFO | 
2026-05-11 02:51:17,320 | INFO |   -- Epoch 4/10 --
2026-05-11 02:56:28,312 | INFO |   train_loss = 0.1909
2026-05-11 02:57:10,364 | INFO |   val_loss = 0.1326 | val_acc = 0.8815 | val_mcc = 0.7689 | epoch_time = 353.0s
2026-05-11 02:57:10,367 | INFO | 
2026-05-11 02:57:10,367 | INFO |   -- Epoch 5/10 --
2026-05-11 03:02:10,126 | INFO |   train_loss = 0.1737
2026-05-11 03:02:52,962 | INFO |   val_loss = 0.1225 | val_acc = 0.8882 | val_mcc = 0.7848 | epoch_time = 342.6s
2026-05-11 03:02:53,885 | INFO |     Checkpoint saved → /export/cse/rmall/Raghvendra/EffiChem_Extras/nach0/flavor_ft/best_model  (epoch=5  val_acc=0.8882  val_mcc=0.7848)
2026-05-11 03:02:53,886 | INFO |   *** New best val_mcc=0.7848 — checkpoint saved ***
2026-05-11 03:02:53,886 | INFO | 
2026-05-11 03:02:53,887 | INFO |   -- Epoch 6/10 --
2026-05-11 03:08:06,108 | INFO |   train_loss = 0.1602
2026-05-11 03:08:47,985 | INFO |   val_loss = 0.1244 | val_acc = 0.8904 | val_mcc = 0.7842 | epoch_time = 354.1s
2026-05-11 03:08:47,988 | INFO | 
2026-05-11 03:08:47,988 | INFO |   -- Epoch 7/10 --
2026-05-11 03:14:01,397 | INFO |   train_loss = 0.1478
2026-05-11 03:14:43,073 | INFO |   val_loss = 0.1192 | val_acc = 0.8980 | val_mcc = 0.7997 | epoch_time = 355.1s
2026-05-11 03:14:44,004 | INFO |     Checkpoint saved → /export/cse/rmall/Raghvendra/EffiChem_Extras/nach0/flavor_ft/best_model  (epoch=7  val_acc=0.8980  val_mcc=0.7997)
2026-05-11 03:14:44,004 | INFO |   *** New best val_mcc=0.7997 — checkpoint saved ***
2026-05-11 03:14:44,005 | INFO | 
2026-05-11 03:14:44,005 | INFO |   -- Epoch 8/10 --
2026-05-11 03:19:56,765 | INFO |   train_loss = 0.1378
2026-05-11 03:20:38,077 | INFO |   val_loss = 0.1118 | val_acc = 0.8988 | val_mcc = 0.8041 | epoch_time = 354.1s
2026-05-11 03:20:38,956 | INFO |     Checkpoint saved → /export/cse/rmall/Raghvendra/EffiChem_Extras/nach0/flavor_ft/best_model  (epoch=8  val_acc=0.8988  val_mcc=0.8041)
2026-05-11 03:20:38,957 | INFO |   *** New best val_mcc=0.8041 — checkpoint saved ***
2026-05-11 03:20:38,958 | INFO | 
2026-05-11 03:20:38,958 | INFO |   -- Epoch 9/10 --
2026-05-11 03:25:50,476 | INFO |   train_loss = 0.1290
2026-05-11 03:26:32,394 | INFO |   val_loss = 0.1135 | val_acc = 0.9015 | val_mcc = 0.8102 | epoch_time = 353.4s
2026-05-11 03:26:33,388 | INFO |     Checkpoint saved → /export/cse/rmall/Raghvendra/EffiChem_Extras/nach0/flavor_ft/best_model  (epoch=9  val_acc=0.9015  val_mcc=0.8102)
2026-05-11 03:26:33,388 | INFO |   *** New best val_mcc=0.8102 — checkpoint saved ***
2026-05-11 03:26:33,389 | INFO | 
2026-05-11 03:26:33,389 | INFO |   -- Epoch 10/10 --
2026-05-11 03:31:49,680 | INFO |   train_loss = 0.1234
2026-05-11 03:32:29,503 | INFO |   val_loss = 0.1147 | val_acc = 0.9002 | val_mcc = 0.8071 | epoch_time = 356.1s
2026-05-11 03:32:29,506 | INFO | 
2026-05-11 03:32:29,506 | INFO |   Training complete | best_val_mcc=0.8102 | total_time=3535.6s
2026-05-11 03:32:29,591 | INFO |   Training log saved → /export/cse/rmall/Raghvendra/PEARL/results/nach0/flavor_ft/training_log.csv
2026-05-11 03:32:29,591 | INFO | 
2026-05-11 03:32:29,592 | INFO | =================================================================
2026-05-11 03:32:29,592 | INFO |   [TEST EVAL] Loading best LoRA checkpoint
2026-05-11 03:32:29,592 | INFO |   Checkpoint: /export/cse/rmall/Raghvendra/EffiChem_Extras/nach0/flavor_ft/best_model
2026-05-11 03:32:29,593 | INFO | =================================================================
2026-05-11 03:32:32,379 | INFO |   Checkpoint loaded in 2.8s
2026-05-11 03:32:32,380 | INFO |   Test set: 2254 molecules in 282 batches (batch_size=8)
2026-05-11 03:33:01,691 | INFO |   Test inference done in 29.3s
2026-05-11 03:33:01,738 | INFO |   Predictions saved → /export/cse/rmall/Raghvendra/PEARL/results/nach0/flavor_ft/predictions.csv
2026-05-11 03:33:01,862 | INFO |   Test metrics:
2026-05-11 03:33:01,863 | INFO |     n_total                  = 2254
2026-05-11 03:33:01,864 | INFO |     n_valid_predictions      = 2254
2026-05-11 03:33:01,865 | INFO |     accuracy                 = 0.9024
2026-05-11 03:33:01,865 | INFO |     f1_macro                 = 0.7646
2026-05-11 03:33:01,865 | INFO |     f1_micro                 = 0.9024
2026-05-11 03:33:01,865 | INFO |     mcc                      = 0.8159
2026-05-11 03:33:01,866 | INFO |   Metrics saved → /export/cse/rmall/Raghvendra/PEARL/results/nach0/flavor_ft/metrics.json
2026-05-11 03:33:04,455 | INFO | 
2026-05-11 03:33:04,455 | INFO | =================================================================
2026-05-11 03:33:04,455 | INFO |   DONE  —  total elapsed: 65713.6s  (1095.2 min)
2026-05-11 03:33:04,456 | INFO |   Small outputs  : /export/cse/rmall/Raghvendra/PEARL/results/nach0/flavor_ft
2026-05-11 03:33:04,456 | INFO |   Model weights  : /export/cse/rmall/Raghvendra/EffiChem_Extras/nach0/flavor_ft
2026-05-11 03:33:04,456 | INFO |   Best val MCC   : 0.8102  (checkpoint selection criterion)
2026-05-11 03:33:04,456 | INFO |   Test MCC       : 0.8159
2026-05-11 03:33:04,456 | INFO |   Test accuracy  : 0.9024
2026-05-11 03:33:04,456 | INFO |   Test F1 macro  : 0.7646
2026-05-11 03:33:04,457 | INFO | =================================================================
