Command line
python /export/home/rmall/micromamba/envs/effichem/bin/chemprop_train --data_path /export/qcai-omics/Raghvendra/PEARL/data/gnn_tmp/chemprop/herg/train.csv --separate_val_path /export/qcai-omics/Raghvendra/PEARL/data/gnn_tmp/chemprop/herg/valid.csv --separate_test_path /export/qcai-omics/Raghvendra/PEARL/data/gnn_tmp/chemprop/herg/test.csv --smiles_columns smiles --target_columns target --dataset_type classification --metric mcc --extra_metrics auc accuracy f1 --epochs 50 --depth 4 --hidden_size 900 --ffn_num_layers 3 --dropout 0.20565138243868022 --save_dir /export/qcai-omics/Raghvendra/PEARL/results/gnn/chemprop/HERG_Chemprop_Results/final_model --gpu 0 --seed 42 --pytorch_seed 42 --save_preds --quiet --class_balance
Args
{'activation': 'ReLU',
 'adding_bond_types': True,
 'adding_h': False,
 'aggregation': 'mean',
 'aggregation_norm': 100,
 'atom_constraints': [],
 'atom_descriptor_scaling': True,
 'atom_descriptors': None,
 'atom_descriptors_path': None,
 'atom_descriptors_size': 0,
 'atom_features_size': 0,
 'atom_messages': False,
 'atom_targets': [],
 'batch_size': 50,
 'bias': False,
 'bias_solvent': False,
 'bond_constraints': [],
 'bond_descriptor_scaling': True,
 'bond_descriptors': None,
 'bond_descriptors_path': None,
 'bond_descriptors_size': 0,
 'bond_features_size': 0,
 'bond_targets': [],
 'cache_cutoff': 10000,
 'checkpoint_dir': None,
 'checkpoint_frzn': None,
 'checkpoint_path': None,
 'checkpoint_paths': None,
 'class_balance': True,
 'config_path': None,
 'constraints_path': None,
 'crossval_index_dir': None,
 'crossval_index_file': None,
 'crossval_index_sets': None,
 'cuda': True,
 'data_path': '/export/qcai-omics/Raghvendra/PEARL/data/gnn_tmp/chemprop/herg/train.csv',
 'data_weights_path': None,
 'dataset_type': 'classification',
 'depth': 4,
 'depth_solvent': 3,
 'device': device(type='cuda', index=0),
 'dropout': 0.20565138243868022,
 'empty_cache': False,
 'ensemble_size': 1,
 'epochs': 50,
 'evidential_regularization': 0,
 'explicit_h': False,
 'extra_metrics': ['auc', 'accuracy', 'f1'],
 'features_generator': None,
 'features_only': False,
 'features_path': None,
 'features_scaling': True,
 'features_size': None,
 'ffn_hidden_size': 900,
 'ffn_num_layers': 3,
 'final_lr': 0.0001,
 'folds_file': None,
 'freeze_first_only': False,
 'frzn_ffn_layers': 0,
 'gpu': 0,
 'grad_clip': None,
 'hidden_size': 900,
 'hidden_size_solvent': 300,
 'ignore_columns': None,
 'init_lr': 0.0001,
 'is_atom_bond_targets': False,
 'keeping_atom_map': False,
 'log_frequency': 10,
 'loss_function': 'binary_cross_entropy',
 'max_data_size': None,
 'max_lr': 0.001,
 'metric': 'mcc',
 'metrics': ['mcc', 'auc', 'accuracy', 'f1'],
 'minimize_score': False,
 'mpn_shared': False,
 'multiclass_num_classes': 3,
 'no_adding_bond_types': False,
 'no_atom_descriptor_scaling': False,
 'no_bond_descriptor_scaling': False,
 'no_cache_mol': False,
 'no_cuda': False,
 'no_features_scaling': False,
 'no_shared_atom_bond_ffn': False,
 'num_folds': 1,
 'num_lrs': 1,
 'num_tasks': 1,
 'num_workers': 8,
 'number_of_molecules': 1,
 'overwrite_default_atom_features': False,
 'overwrite_default_bond_features': False,
 'phase_features_path': None,
 'pytorch_seed': 42,
 'quiet': True,
 'reaction': False,
 'reaction_mode': 'reac_diff',
 'reaction_solvent': False,
 'resume_experiment': False,
 'save_dir': '/export/qcai-omics/Raghvendra/PEARL/results/gnn/chemprop/HERG_Chemprop_Results/final_model',
 'save_preds': True,
 'save_smiles_splits': False,
 'seed': 42,
 'separate_test_atom_descriptors_path': None,
 'separate_test_bond_descriptors_path': None,
 'separate_test_constraints_path': None,
 'separate_test_features_path': None,
 'separate_test_path': '/export/qcai-omics/Raghvendra/PEARL/data/gnn_tmp/chemprop/herg/test.csv',
 'separate_test_phase_features_path': None,
 'separate_val_atom_descriptors_path': None,
 'separate_val_bond_descriptors_path': None,
 'separate_val_constraints_path': None,
 'separate_val_features_path': None,
 'separate_val_path': '/export/qcai-omics/Raghvendra/PEARL/data/gnn_tmp/chemprop/herg/valid.csv',
 'separate_val_phase_features_path': None,
 'shared_atom_bond_ffn': True,
 'show_individual_scores': False,
 'smiles_columns': ['smiles'],
 'spectra_activation': 'exp',
 'spectra_phase_mask_path': None,
 'spectra_target_floor': 1e-08,
 'split_key_molecule': 0,
 'split_sizes': [1.0, 0.0, 0.0],
 'split_type': 'random',
 'target_columns': ['target'],
 'target_weights': None,
 'task_names': ['target'],
 'test': False,
 'test_fold_index': None,
 'train_data_size': None,
 'undirected': False,
 'use_input_features': False,
 'val_fold_index': None,
 'warmup_epochs': 2.0,
 'weights_ffn_num_layers': 2}
Setting molecule featurization parameters to default.
Loading data
Number of tasks = 1
Fold 0
Splitting data with seed 42
Class sizes
target 0: 50.24%, 1: 49.76%
Total size = 9,411 | train size = 9,411 | val size = 1,344 | test size = 2,690
With class_balance, effective train size = 9,366
Building model 0
MoleculeModel(
  (sigmoid): Sigmoid()
  (encoder): MPN(
    (encoder): ModuleList(
      (0): MPNEncoder(
        (dropout): Dropout(p=0.20565138243868022, inplace=False)
        (act_func): ReLU()
        (W_i): Linear(in_features=147, out_features=900, bias=False)
        (W_h): Linear(in_features=900, out_features=900, bias=False)
        (W_o): Linear(in_features=1033, out_features=900, bias=True)
      )
    )
  )
  (readout): Sequential(
    (0): Dropout(p=0.20565138243868022, inplace=False)
    (1): Linear(in_features=900, out_features=900, bias=True)
    (2): ReLU()
    (3): Dropout(p=0.20565138243868022, inplace=False)
    (4): Linear(in_features=900, out_features=900, bias=True)
    (5): ReLU()
    (6): Dropout(p=0.20565138243868022, inplace=False)
    (7): Linear(in_features=900, out_features=1, bias=True)
  )
)
Number of parameters = 3,496,501
Moving model to cuda
Epoch 0
Loss = 7.0156e-01, PNorm = 62.5466, GNorm = 0.8699, lr_0 = 1.2633e-04
Loss = 7.0349e-01, PNorm = 62.5503, GNorm = 0.8818, lr_0 = 1.5027e-04
Loss = 6.9306e-01, PNorm = 62.5547, GNorm = 1.0405, lr_0 = 1.7420e-04
Loss = 6.8832e-01, PNorm = 62.5615, GNorm = 0.8885, lr_0 = 1.9814e-04
Loss = 6.7557e-01, PNorm = 62.5715, GNorm = 0.7677, lr_0 = 2.2207e-04
Loss = 6.6636e-01, PNorm = 62.5879, GNorm = 1.0799, lr_0 = 2.4601e-04
Loss = 6.6711e-01, PNorm = 62.6057, GNorm = 1.6023, lr_0 = 2.6995e-04
Loss = 6.3976e-01, PNorm = 62.6277, GNorm = 1.2585, lr_0 = 2.9388e-04
Loss = 6.2964e-01, PNorm = 62.6497, GNorm = 1.9618, lr_0 = 3.1782e-04
Loss = 6.2152e-01, PNorm = 62.6718, GNorm = 1.0393, lr_0 = 3.4176e-04
Loss = 6.2652e-01, PNorm = 62.6928, GNorm = 1.2910, lr_0 = 3.6569e-04
Loss = 6.7358e-01, PNorm = 62.7092, GNorm = 0.5666, lr_0 = 3.8963e-04
Loss = 6.2541e-01, PNorm = 62.7359, GNorm = 0.8653, lr_0 = 4.1356e-04
Loss = 6.4341e-01, PNorm = 62.7577, GNorm = 1.0542, lr_0 = 4.3750e-04
Loss = 6.6131e-01, PNorm = 62.7774, GNorm = 0.7618, lr_0 = 4.6144e-04
Loss = 6.1803e-01, PNorm = 62.8056, GNorm = 0.6522, lr_0 = 4.8537e-04
Loss = 6.4365e-01, PNorm = 62.8248, GNorm = 0.4364, lr_0 = 5.0931e-04
Loss = 6.2965e-01, PNorm = 62.8507, GNorm = 1.2586, lr_0 = 5.3324e-04
Validation mcc = 0.293271
Validation auc = 0.751806
Validation accuracy = 0.634673
Validation f1 = 0.722756
Epoch 1
Loss = 6.5481e-01, PNorm = 62.8803, GNorm = 0.5319, lr_0 = 5.5957e-04
Loss = 6.3050e-01, PNorm = 62.9153, GNorm = 0.6649, lr_0 = 5.8351e-04
Loss = 6.0456e-01, PNorm = 62.9556, GNorm = 1.6453, lr_0 = 6.0745e-04
Loss = 6.0428e-01, PNorm = 63.0011, GNorm = 0.9508, lr_0 = 6.3138e-04
Loss = 6.0967e-01, PNorm = 63.0460, GNorm = 0.5641, lr_0 = 6.5532e-04
Loss = 6.1626e-01, PNorm = 63.0966, GNorm = 1.1653, lr_0 = 6.7926e-04
Loss = 5.9238e-01, PNorm = 63.1417, GNorm = 1.3546, lr_0 = 7.0319e-04
Loss = 5.9577e-01, PNorm = 63.1887, GNorm = 0.4752, lr_0 = 7.2713e-04
Loss = 6.0417e-01, PNorm = 63.2423, GNorm = 1.4549, lr_0 = 7.5106e-04
Loss = 6.1091e-01, PNorm = 63.2979, GNorm = 0.3987, lr_0 = 7.7500e-04
Loss = 6.3982e-01, PNorm = 63.3673, GNorm = 0.9636, lr_0 = 7.9894e-04
Loss = 6.0612e-01, PNorm = 63.4290, GNorm = 1.1078, lr_0 = 8.2287e-04
Loss = 6.0628e-01, PNorm = 63.4913, GNorm = 0.5850, lr_0 = 8.4681e-04
Loss = 5.7988e-01, PNorm = 63.5683, GNorm = 1.5188, lr_0 = 8.7074e-04
Loss = 6.1759e-01, PNorm = 63.6239, GNorm = 0.8353, lr_0 = 8.9468e-04
Loss = 5.8887e-01, PNorm = 63.7048, GNorm = 1.4810, lr_0 = 9.1862e-04
Loss = 5.7311e-01, PNorm = 63.7756, GNorm = 2.0919, lr_0 = 9.4255e-04
Loss = 5.8799e-01, PNorm = 63.8527, GNorm = 0.6435, lr_0 = 9.6649e-04
Loss = 6.1029e-01, PNorm = 63.9296, GNorm = 0.5462, lr_0 = 9.9043e-04
Validation mcc = 0.390795
Validation auc = 0.771335
Validation accuracy = 0.675595
Validation f1 = 0.624138
Epoch 2
Loss = 5.6559e-01, PNorm = 64.0039, GNorm = 1.3024, lr_0 = 9.9822e-04
Loss = 5.8688e-01, PNorm = 64.0761, GNorm = 0.6203, lr_0 = 9.9567e-04
Loss = 5.7239e-01, PNorm = 64.1579, GNorm = 0.5798, lr_0 = 9.9313e-04
Loss = 5.8908e-01, PNorm = 64.2374, GNorm = 2.7304, lr_0 = 9.9060e-04
Loss = 6.1302e-01, PNorm = 64.3076, GNorm = 0.5700, lr_0 = 9.8808e-04
Loss = 5.6267e-01, PNorm = 64.4099, GNorm = 1.6213, lr_0 = 9.8556e-04
Loss = 6.3670e-01, PNorm = 64.4829, GNorm = 0.8335, lr_0 = 9.8305e-04
Loss = 6.0151e-01, PNorm = 64.5639, GNorm = 0.7161, lr_0 = 9.8054e-04
Loss = 5.9230e-01, PNorm = 64.6513, GNorm = 1.5797, lr_0 = 9.7805e-04
Loss = 5.7144e-01, PNorm = 64.7329, GNorm = 0.5180, lr_0 = 9.7555e-04
Loss = 5.5094e-01, PNorm = 64.8082, GNorm = 0.6608, lr_0 = 9.7307e-04
Loss = 5.7838e-01, PNorm = 64.8846, GNorm = 0.9475, lr_0 = 9.7059e-04
Loss = 5.6571e-01, PNorm = 64.9697, GNorm = 0.5273, lr_0 = 9.6811e-04
Loss = 5.4892e-01, PNorm = 65.0641, GNorm = 0.9936, lr_0 = 9.6565e-04
Loss = 5.5012e-01, PNorm = 65.1633, GNorm = 0.5651, lr_0 = 9.6319e-04
Loss = 5.4144e-01, PNorm = 65.2613, GNorm = 2.0262, lr_0 = 9.6073e-04
Loss = 5.7265e-01, PNorm = 65.3610, GNorm = 1.2760, lr_0 = 9.5828e-04
Loss = 5.8252e-01, PNorm = 65.4512, GNorm = 0.4233, lr_0 = 9.5584e-04
Loss = 5.6933e-01, PNorm = 65.5384, GNorm = 0.5479, lr_0 = 9.5341e-04
Validation mcc = 0.412719
Validation auc = 0.780223
Validation accuracy = 0.701637
Validation f1 = 0.692249
Epoch 3
Loss = 5.2340e-01, PNorm = 65.6452, GNorm = 0.7133, lr_0 = 9.5073e-04
Loss = 5.4689e-01, PNorm = 65.7505, GNorm = 1.4117, lr_0 = 9.4831e-04
Loss = 5.1658e-01, PNorm = 65.8926, GNorm = 0.6668, lr_0 = 9.4589e-04
Loss = 5.6107e-01, PNorm = 66.0154, GNorm = 0.5685, lr_0 = 9.4348e-04
Loss = 5.4403e-01, PNorm = 66.1532, GNorm = 0.8572, lr_0 = 9.4108e-04
Loss = 5.0538e-01, PNorm = 66.2541, GNorm = 0.7090, lr_0 = 9.3868e-04
Loss = 5.3795e-01, PNorm = 66.3433, GNorm = 1.1095, lr_0 = 9.3629e-04
Loss = 5.6640e-01, PNorm = 66.4388, GNorm = 1.1268, lr_0 = 9.3390e-04
Loss = 5.0971e-01, PNorm = 66.5367, GNorm = 0.9938, lr_0 = 9.3152e-04
Loss = 5.4302e-01, PNorm = 66.6291, GNorm = 1.0519, lr_0 = 9.2915e-04
Loss = 5.1193e-01, PNorm = 66.7277, GNorm = 1.1629, lr_0 = 9.2678e-04
Loss = 4.9114e-01, PNorm = 66.8369, GNorm = 0.7801, lr_0 = 9.2442e-04
Loss = 5.4065e-01, PNorm = 66.9422, GNorm = 0.4811, lr_0 = 9.2206e-04
Loss = 5.4655e-01, PNorm = 67.0283, GNorm = 0.6209, lr_0 = 9.1971e-04
Loss = 5.3570e-01, PNorm = 67.1165, GNorm = 0.7152, lr_0 = 9.1737e-04
Loss = 5.6434e-01, PNorm = 67.1899, GNorm = 0.8091, lr_0 = 9.1503e-04
Loss = 5.3861e-01, PNorm = 67.2841, GNorm = 0.4943, lr_0 = 9.1270e-04
Loss = 5.2883e-01, PNorm = 67.3737, GNorm = 0.8192, lr_0 = 9.1037e-04
Validation mcc = 0.368040
Validation auc = 0.787767
Validation accuracy = 0.675595
Validation f1 = 0.741706
Epoch 4
Loss = 4.7439e-01, PNorm = 67.4576, GNorm = 1.0749, lr_0 = 9.0805e-04
Loss = 5.2596e-01, PNorm = 67.5701, GNorm = 0.6134, lr_0 = 9.0574e-04
Loss = 4.8977e-01, PNorm = 67.6733, GNorm = 1.1350, lr_0 = 9.0343e-04
Loss = 4.7488e-01, PNorm = 67.7784, GNorm = 0.7132, lr_0 = 9.0113e-04
Loss = 5.3898e-01, PNorm = 67.8682, GNorm = 1.0592, lr_0 = 8.9883e-04
Loss = 5.0316e-01, PNorm = 67.9743, GNorm = 1.0489, lr_0 = 8.9654e-04
Loss = 5.1356e-01, PNorm = 68.0750, GNorm = 0.6183, lr_0 = 8.9426e-04
Loss = 5.3286e-01, PNorm = 68.1794, GNorm = 0.8719, lr_0 = 8.9198e-04
Loss = 4.7519e-01, PNorm = 68.2858, GNorm = 0.9098, lr_0 = 8.8971e-04
Loss = 5.0096e-01, PNorm = 68.3822, GNorm = 0.8327, lr_0 = 8.8744e-04
Loss = 5.1408e-01, PNorm = 68.4827, GNorm = 0.7927, lr_0 = 8.8518e-04
Loss = 5.1430e-01, PNorm = 68.5819, GNorm = 1.2184, lr_0 = 8.8292e-04
Loss = 4.8735e-01, PNorm = 68.6770, GNorm = 0.9925, lr_0 = 8.8067e-04
Loss = 4.7587e-01, PNorm = 68.7636, GNorm = 0.9581, lr_0 = 8.7843e-04
Loss = 5.1062e-01, PNorm = 68.8603, GNorm = 0.8596, lr_0 = 8.7619e-04
Loss = 5.2096e-01, PNorm = 68.9580, GNorm = 0.5893, lr_0 = 8.7396e-04
Loss = 5.1948e-01, PNorm = 69.0439, GNorm = 1.9609, lr_0 = 8.7173e-04
Loss = 4.8038e-01, PNorm = 69.1555, GNorm = 0.6909, lr_0 = 8.6951e-04
Loss = 5.1360e-01, PNorm = 69.2568, GNorm = 0.8351, lr_0 = 8.6729e-04
Validation mcc = 0.350960
Validation auc = 0.776034
Validation accuracy = 0.671875
Validation f1 = 0.731261
Epoch 5
Loss = 3.9845e-01, PNorm = 69.3464, GNorm = 0.5899, lr_0 = 8.6486e-04
Loss = 4.5250e-01, PNorm = 69.4520, GNorm = 0.8443, lr_0 = 8.6266e-04
Loss = 5.1491e-01, PNorm = 69.5353, GNorm = 1.6303, lr_0 = 8.6046e-04
Loss = 4.9135e-01, PNorm = 69.6426, GNorm = 0.6336, lr_0 = 8.5827e-04
Loss = 4.8338e-01, PNorm = 69.7389, GNorm = 1.2836, lr_0 = 8.5608e-04
Loss = 4.7018e-01, PNorm = 69.8248, GNorm = 1.5294, lr_0 = 8.5390e-04
Loss = 4.9678e-01, PNorm = 69.9134, GNorm = 0.8133, lr_0 = 8.5172e-04
Loss = 5.0047e-01, PNorm = 69.9859, GNorm = 0.8803, lr_0 = 8.4955e-04
Loss = 4.7855e-01, PNorm = 70.0710, GNorm = 0.6965, lr_0 = 8.4738e-04
Loss = 4.9207e-01, PNorm = 70.1514, GNorm = 0.9065, lr_0 = 8.4523e-04
Loss = 4.9551e-01, PNorm = 70.2465, GNorm = 0.7951, lr_0 = 8.4307e-04
Loss = 4.9789e-01, PNorm = 70.3327, GNorm = 1.5481, lr_0 = 8.4092e-04
Loss = 5.2255e-01, PNorm = 70.4251, GNorm = 0.5839, lr_0 = 8.3878e-04
Loss = 4.5856e-01, PNorm = 70.5262, GNorm = 0.6036, lr_0 = 8.3664e-04
Loss = 4.6602e-01, PNorm = 70.6110, GNorm = 1.2400, lr_0 = 8.3451e-04
Loss = 4.6865e-01, PNorm = 70.6917, GNorm = 0.6286, lr_0 = 8.3238e-04
Loss = 4.9761e-01, PNorm = 70.7649, GNorm = 0.9372, lr_0 = 8.3026e-04
Loss = 4.6168e-01, PNorm = 70.8503, GNorm = 0.7815, lr_0 = 8.2815e-04
Loss = 4.6889e-01, PNorm = 70.9483, GNorm = 0.9077, lr_0 = 8.2604e-04
Validation mcc = 0.472698
Validation auc = 0.808314
Validation accuracy = 0.732887
Validation f1 = 0.728647
Epoch 6
Loss = 4.5538e-01, PNorm = 71.0685, GNorm = 0.7824, lr_0 = 8.2372e-04
Loss = 4.5921e-01, PNorm = 71.1584, GNorm = 0.8647, lr_0 = 8.2162e-04
Loss = 4.6726e-01, PNorm = 71.2561, GNorm = 1.0887, lr_0 = 8.1953e-04
Loss = 4.5013e-01, PNorm = 71.3553, GNorm = 1.3540, lr_0 = 8.1744e-04
Loss = 4.4897e-01, PNorm = 71.4535, GNorm = 0.7906, lr_0 = 8.1536e-04
Loss = 4.7895e-01, PNorm = 71.5337, GNorm = 0.6002, lr_0 = 8.1328e-04
Loss = 4.0184e-01, PNorm = 71.6346, GNorm = 0.9488, lr_0 = 8.1121e-04
Loss = 4.5426e-01, PNorm = 71.7173, GNorm = 1.2558, lr_0 = 8.0914e-04
Loss = 4.3665e-01, PNorm = 71.8087, GNorm = 0.8679, lr_0 = 8.0708e-04
Loss = 4.9589e-01, PNorm = 71.8957, GNorm = 0.7756, lr_0 = 8.0502e-04
Loss = 4.7519e-01, PNorm = 71.9763, GNorm = 0.8210, lr_0 = 8.0297e-04
Loss = 4.3976e-01, PNorm = 72.0674, GNorm = 0.8792, lr_0 = 8.0092e-04
Loss = 5.0185e-01, PNorm = 72.1443, GNorm = 0.8107, lr_0 = 7.9888e-04
Loss = 4.9210e-01, PNorm = 72.2375, GNorm = 1.2364, lr_0 = 7.9685e-04
Loss = 4.3461e-01, PNorm = 72.3268, GNorm = 0.9941, lr_0 = 7.9481e-04
Loss = 4.4459e-01, PNorm = 72.4165, GNorm = 0.6936, lr_0 = 7.9279e-04
Loss = 4.4522e-01, PNorm = 72.5122, GNorm = 0.9566, lr_0 = 7.9077e-04
Loss = 4.3932e-01, PNorm = 72.6257, GNorm = 0.9128, lr_0 = 7.8875e-04
Loss = 4.7234e-01, PNorm = 72.7163, GNorm = 0.8221, lr_0 = 7.8674e-04
Validation mcc = 0.449059
Validation auc = 0.803854
Validation accuracy = 0.725446
Validation f1 = 0.753507
Epoch 7
Loss = 4.1285e-01, PNorm = 72.8210, GNorm = 1.3596, lr_0 = 7.8474e-04
Loss = 4.3509e-01, PNorm = 72.9183, GNorm = 0.8652, lr_0 = 7.8274e-04
Loss = 3.9777e-01, PNorm = 73.0199, GNorm = 1.2904, lr_0 = 7.8074e-04
Loss = 4.4104e-01, PNorm = 73.1179, GNorm = 1.0239, lr_0 = 7.7875e-04
Loss = 4.8604e-01, PNorm = 73.2079, GNorm = 0.6223, lr_0 = 7.7677e-04
Loss = 4.3837e-01, PNorm = 73.3161, GNorm = 0.8372, lr_0 = 7.7479e-04
Loss = 4.1104e-01, PNorm = 73.4017, GNorm = 0.8290, lr_0 = 7.7282e-04
Loss = 4.3461e-01, PNorm = 73.4772, GNorm = 1.7033, lr_0 = 7.7085e-04
Loss = 4.3653e-01, PNorm = 73.5667, GNorm = 1.3373, lr_0 = 7.6888e-04
Loss = 4.6687e-01, PNorm = 73.6593, GNorm = 0.7123, lr_0 = 7.6692e-04
Loss = 4.5872e-01, PNorm = 73.7512, GNorm = 1.0449, lr_0 = 7.6497e-04
Loss = 4.1183e-01, PNorm = 73.8433, GNorm = 0.8012, lr_0 = 7.6302e-04
Loss = 4.1890e-01, PNorm = 73.9229, GNorm = 1.1326, lr_0 = 7.6107e-04
Loss = 4.5189e-01, PNorm = 74.0090, GNorm = 0.6924, lr_0 = 7.5914e-04
Loss = 4.7753e-01, PNorm = 74.0937, GNorm = 1.1846, lr_0 = 7.5720e-04
Loss = 4.4898e-01, PNorm = 74.1739, GNorm = 0.7036, lr_0 = 7.5527e-04
Loss = 4.4679e-01, PNorm = 74.2605, GNorm = 0.7940, lr_0 = 7.5335e-04
Loss = 4.2616e-01, PNorm = 74.3468, GNorm = 1.0453, lr_0 = 7.5143e-04
Validation mcc = 0.486265
Validation auc = 0.815538
Validation accuracy = 0.744048
Validation f1 = 0.758766
Epoch 8
Loss = 4.2528e-01, PNorm = 74.4332, GNorm = 0.6992, lr_0 = 7.4932e-04
Loss = 4.1029e-01, PNorm = 74.5303, GNorm = 0.8802, lr_0 = 7.4741e-04
Loss = 4.1829e-01, PNorm = 74.6136, GNorm = 1.3306, lr_0 = 7.4551e-04
Loss = 4.4353e-01, PNorm = 74.6963, GNorm = 0.9358, lr_0 = 7.4361e-04
Loss = 4.2044e-01, PNorm = 74.7807, GNorm = 1.3409, lr_0 = 7.4171e-04
Loss = 3.3576e-01, PNorm = 74.8734, GNorm = 1.1480, lr_0 = 7.3982e-04
Loss = 4.7199e-01, PNorm = 74.9398, GNorm = 1.2001, lr_0 = 7.3794e-04
Loss = 4.2840e-01, PNorm = 75.0229, GNorm = 1.0145, lr_0 = 7.3606e-04
Loss = 3.8980e-01, PNorm = 75.1213, GNorm = 0.9392, lr_0 = 7.3418e-04
Loss = 4.2491e-01, PNorm = 75.1945, GNorm = 1.0959, lr_0 = 7.3231e-04
Loss = 3.9716e-01, PNorm = 75.2688, GNorm = 0.9080, lr_0 = 7.3044e-04
Loss = 4.4567e-01, PNorm = 75.3426, GNorm = 0.7115, lr_0 = 7.2858e-04
Loss = 4.0672e-01, PNorm = 75.4251, GNorm = 0.9363, lr_0 = 7.2672e-04
Loss = 4.2826e-01, PNorm = 75.5020, GNorm = 1.1879, lr_0 = 7.2487e-04
Loss = 4.1524e-01, PNorm = 75.5821, GNorm = 1.8950, lr_0 = 7.2303e-04
Loss = 4.0270e-01, PNorm = 75.6715, GNorm = 1.1872, lr_0 = 7.2118e-04
Loss = 3.9413e-01, PNorm = 75.7595, GNorm = 1.0470, lr_0 = 7.1934e-04
Loss = 4.0425e-01, PNorm = 75.8205, GNorm = 1.2674, lr_0 = 7.1751e-04
Loss = 4.3643e-01, PNorm = 75.8953, GNorm = 0.9714, lr_0 = 7.1568e-04
Validation mcc = 0.495392
Validation auc = 0.816808
Validation accuracy = 0.742560
Validation f1 = 0.734255
Epoch 9
Loss = 3.7343e-01, PNorm = 75.9964, GNorm = 0.9733, lr_0 = 7.1368e-04
Loss = 3.5560e-01, PNorm = 76.0920, GNorm = 1.2578, lr_0 = 7.1186e-04
Loss = 3.7797e-01, PNorm = 76.1885, GNorm = 0.7695, lr_0 = 7.1004e-04
Loss = 4.0312e-01, PNorm = 76.2839, GNorm = 0.9713, lr_0 = 7.0823e-04
Loss = 4.0199e-01, PNorm = 76.3738, GNorm = 0.6327, lr_0 = 7.0643e-04
Loss = 4.3435e-01, PNorm = 76.4655, GNorm = 0.8334, lr_0 = 7.0463e-04
Loss = 3.8445e-01, PNorm = 76.5478, GNorm = 0.7428, lr_0 = 7.0283e-04
Loss = 3.5309e-01, PNorm = 76.6376, GNorm = 1.2358, lr_0 = 7.0104e-04
Loss = 4.5366e-01, PNorm = 76.7091, GNorm = 1.1664, lr_0 = 6.9926e-04
Loss = 3.5541e-01, PNorm = 76.8002, GNorm = 1.4038, lr_0 = 6.9747e-04
Loss = 4.2396e-01, PNorm = 76.8730, GNorm = 1.2124, lr_0 = 6.9570e-04
Loss = 3.7191e-01, PNorm = 76.9565, GNorm = 1.1427, lr_0 = 6.9392e-04
Loss = 4.3785e-01, PNorm = 77.0342, GNorm = 1.3131, lr_0 = 6.9216e-04
Loss = 4.0533e-01, PNorm = 77.1038, GNorm = 0.8037, lr_0 = 6.9039e-04
Loss = 3.4391e-01, PNorm = 77.1791, GNorm = 1.1463, lr_0 = 6.8863e-04
Loss = 3.8164e-01, PNorm = 77.2383, GNorm = 1.1000, lr_0 = 6.8688e-04
Loss = 4.4028e-01, PNorm = 77.2983, GNorm = 1.0888, lr_0 = 6.8513e-04
Loss = 4.0023e-01, PNorm = 77.3784, GNorm = 1.1712, lr_0 = 6.8338e-04
Loss = 3.4522e-01, PNorm = 77.4610, GNorm = 1.0256, lr_0 = 6.8164e-04
Validation mcc = 0.480945
Validation auc = 0.825636
Validation accuracy = 0.740327
Validation f1 = 0.770847
Epoch 10
Loss = 3.6172e-01, PNorm = 77.5567, GNorm = 1.1868, lr_0 = 6.7990e-04
Loss = 3.9125e-01, PNorm = 77.6430, GNorm = 1.5218, lr_0 = 6.7817e-04
Loss = 3.6419e-01, PNorm = 77.7297, GNorm = 1.2233, lr_0 = 6.7644e-04
Loss = 3.6640e-01, PNorm = 77.8228, GNorm = 1.0859, lr_0 = 6.7472e-04
Loss = 3.6771e-01, PNorm = 77.9242, GNorm = 1.1970, lr_0 = 6.7300e-04
Loss = 3.3741e-01, PNorm = 78.0206, GNorm = 1.5427, lr_0 = 6.7128e-04
Loss = 3.5406e-01, PNorm = 78.1108, GNorm = 1.2736, lr_0 = 6.6957e-04
Loss = 4.0308e-01, PNorm = 78.1950, GNorm = 1.0364, lr_0 = 6.6787e-04
Loss = 3.9173e-01, PNorm = 78.2790, GNorm = 1.4541, lr_0 = 6.6616e-04
Loss = 3.9663e-01, PNorm = 78.3568, GNorm = 0.9907, lr_0 = 6.6447e-04
Loss = 3.1673e-01, PNorm = 78.4374, GNorm = 1.4907, lr_0 = 6.6277e-04
Loss = 3.5376e-01, PNorm = 78.5109, GNorm = 0.9515, lr_0 = 6.6108e-04
Loss = 3.7389e-01, PNorm = 78.5796, GNorm = 1.4289, lr_0 = 6.5940e-04
Loss = 3.8311e-01, PNorm = 78.6469, GNorm = 1.5183, lr_0 = 6.5772e-04
Loss = 4.3505e-01, PNorm = 78.7078, GNorm = 1.5307, lr_0 = 6.5604e-04
Loss = 3.5728e-01, PNorm = 78.7772, GNorm = 1.6349, lr_0 = 6.5437e-04
Loss = 4.0669e-01, PNorm = 78.8499, GNorm = 0.9865, lr_0 = 6.5270e-04
Loss = 3.9749e-01, PNorm = 78.9134, GNorm = 1.4814, lr_0 = 6.5104e-04
Loss = 3.7677e-01, PNorm = 78.9838, GNorm = 0.7848, lr_0 = 6.4938e-04
Loss = 2.8207e-01, PNorm = 78.9910, GNorm = 1.4043, lr_0 = 6.4922e-04
Validation mcc = 0.498284
Validation auc = 0.820009
Validation accuracy = 0.750000
Validation f1 = 0.772973
Epoch 11
Loss = 3.2675e-01, PNorm = 79.0644, GNorm = 1.7057, lr_0 = 6.4756e-04
Loss = 3.4927e-01, PNorm = 79.1281, GNorm = 1.1506, lr_0 = 6.4591e-04
Loss = 3.5208e-01, PNorm = 79.2004, GNorm = 2.1783, lr_0 = 6.4427e-04
Loss = 3.7767e-01, PNorm = 79.2756, GNorm = 1.1901, lr_0 = 6.4262e-04
Loss = 3.4556e-01, PNorm = 79.3417, GNorm = 1.2509, lr_0 = 6.4099e-04
Loss = 3.3645e-01, PNorm = 79.4129, GNorm = 1.1914, lr_0 = 6.3935e-04
Loss = 3.4913e-01, PNorm = 79.4813, GNorm = 1.1655, lr_0 = 6.3772e-04
Loss = 3.9896e-01, PNorm = 79.5590, GNorm = 1.5844, lr_0 = 6.3610e-04
Loss = 3.4281e-01, PNorm = 79.6361, GNorm = 1.2675, lr_0 = 6.3448e-04
Loss = 3.6390e-01, PNorm = 79.7090, GNorm = 1.0063, lr_0 = 6.3286e-04
Loss = 3.7288e-01, PNorm = 79.7775, GNorm = 0.9166, lr_0 = 6.3125e-04
Loss = 3.5728e-01, PNorm = 79.8442, GNorm = 1.3767, lr_0 = 6.2964e-04
Loss = 3.8125e-01, PNorm = 79.9100, GNorm = 0.7557, lr_0 = 6.2803e-04
Loss = 3.3785e-01, PNorm = 79.9748, GNorm = 1.6141, lr_0 = 6.2643e-04
Loss = 3.6714e-01, PNorm = 80.0237, GNorm = 1.8764, lr_0 = 6.2484e-04
Loss = 3.5005e-01, PNorm = 80.0817, GNorm = 1.4508, lr_0 = 6.2324e-04
Loss = 3.3176e-01, PNorm = 80.1483, GNorm = 1.4509, lr_0 = 6.2166e-04
Loss = 3.8608e-01, PNorm = 80.2124, GNorm = 1.5515, lr_0 = 6.2007e-04
Validation mcc = 0.505460
Validation auc = 0.829898
Validation accuracy = 0.752976
Validation f1 = 0.779255
Epoch 12
Loss = 3.5116e-01, PNorm = 80.2906, GNorm = 1.2741, lr_0 = 6.1833e-04
Loss = 3.5134e-01, PNorm = 80.3629, GNorm = 0.9356, lr_0 = 6.1676e-04
Loss = 2.7064e-01, PNorm = 80.4449, GNorm = 1.3416, lr_0 = 6.1519e-04
Loss = 2.9011e-01, PNorm = 80.5137, GNorm = 1.2368, lr_0 = 6.1362e-04
Loss = 3.2706e-01, PNorm = 80.5780, GNorm = 1.4147, lr_0 = 6.1206e-04
Loss = 3.3176e-01, PNorm = 80.6558, GNorm = 1.0651, lr_0 = 6.1050e-04
Loss = 3.7292e-01, PNorm = 80.7241, GNorm = 2.3660, lr_0 = 6.0894e-04
Loss = 3.6621e-01, PNorm = 80.7927, GNorm = 1.1205, lr_0 = 6.0739e-04
Loss = 3.0630e-01, PNorm = 80.8617, GNorm = 1.3327, lr_0 = 6.0584e-04
Loss = 3.5329e-01, PNorm = 80.9133, GNorm = 1.4416, lr_0 = 6.0430e-04
Loss = 3.2443e-01, PNorm = 80.9666, GNorm = 1.3189, lr_0 = 6.0276e-04
Loss = 3.4948e-01, PNorm = 81.0214, GNorm = 1.2057, lr_0 = 6.0122e-04
Loss = 3.6579e-01, PNorm = 81.0822, GNorm = 1.2970, lr_0 = 5.9969e-04
Loss = 3.4703e-01, PNorm = 81.1515, GNorm = 1.0552, lr_0 = 5.9816e-04
Loss = 3.3988e-01, PNorm = 81.2042, GNorm = 1.0668, lr_0 = 5.9664e-04
Loss = 3.0816e-01, PNorm = 81.2655, GNorm = 1.4606, lr_0 = 5.9512e-04
Loss = 3.3284e-01, PNorm = 81.3304, GNorm = 1.7765, lr_0 = 5.9360e-04
Loss = 3.4046e-01, PNorm = 81.3867, GNorm = 1.0418, lr_0 = 5.9209e-04
Loss = 3.5763e-01, PNorm = 81.4442, GNorm = 1.2670, lr_0 = 5.9058e-04
Validation mcc = 0.513739
Validation auc = 0.822698
Validation accuracy = 0.757440
Validation f1 = 0.768794
Epoch 13
Loss = 2.7918e-01, PNorm = 81.5089, GNorm = 0.8984, lr_0 = 5.8907e-04
Loss = 2.8380e-01, PNorm = 81.5862, GNorm = 1.0620, lr_0 = 5.8757e-04
Loss = 3.0815e-01, PNorm = 81.6551, GNorm = 1.8066, lr_0 = 5.8607e-04
Loss = 3.0052e-01, PNorm = 81.7298, GNorm = 1.1183, lr_0 = 5.8458e-04
Loss = 3.3160e-01, PNorm = 81.8010, GNorm = 1.8022, lr_0 = 5.8309e-04
Loss = 3.4282e-01, PNorm = 81.8605, GNorm = 1.4835, lr_0 = 5.8160e-04
Loss = 3.1148e-01, PNorm = 81.9200, GNorm = 1.0831, lr_0 = 5.8012e-04
Loss = 3.3509e-01, PNorm = 81.9791, GNorm = 1.3986, lr_0 = 5.7864e-04
Loss = 3.0084e-01, PNorm = 82.0290, GNorm = 1.7784, lr_0 = 5.7717e-04
Loss = 3.0068e-01, PNorm = 82.0802, GNorm = 1.2019, lr_0 = 5.7570e-04
Loss = 3.6080e-01, PNorm = 82.1348, GNorm = 1.5238, lr_0 = 5.7423e-04
Loss = 3.2930e-01, PNorm = 82.1957, GNorm = 1.0729, lr_0 = 5.7277e-04
Loss = 3.2764e-01, PNorm = 82.2523, GNorm = 1.5169, lr_0 = 5.7131e-04
Loss = 3.2984e-01, PNorm = 82.3107, GNorm = 1.3111, lr_0 = 5.6985e-04
Loss = 3.7989e-01, PNorm = 82.3703, GNorm = 1.4500, lr_0 = 5.6840e-04
Loss = 3.5498e-01, PNorm = 82.4314, GNorm = 1.6076, lr_0 = 5.6695e-04
Loss = 3.0319e-01, PNorm = 82.4911, GNorm = 1.0651, lr_0 = 5.6551e-04
Loss = 2.9331e-01, PNorm = 82.5512, GNorm = 1.8098, lr_0 = 5.6407e-04
Loss = 3.0251e-01, PNorm = 82.6067, GNorm = 1.3965, lr_0 = 5.6263e-04
Validation mcc = 0.488972
Validation auc = 0.821183
Validation accuracy = 0.745536
Validation f1 = 0.762170
Epoch 14
Loss = 3.1901e-01, PNorm = 82.6760, GNorm = 1.8521, lr_0 = 5.6105e-04
Loss = 2.9955e-01, PNorm = 82.7394, GNorm = 1.0312, lr_0 = 5.5962e-04
Loss = 2.9078e-01, PNorm = 82.7985, GNorm = 1.0963, lr_0 = 5.5820e-04
Loss = 3.0199e-01, PNorm = 82.8536, GNorm = 1.4649, lr_0 = 5.5677e-04
Loss = 2.8225e-01, PNorm = 82.9128, GNorm = 0.9592, lr_0 = 5.5535e-04
Loss = 3.0098e-01, PNorm = 82.9737, GNorm = 2.1229, lr_0 = 5.5394e-04
Loss = 3.5138e-01, PNorm = 83.0255, GNorm = 1.2559, lr_0 = 5.5253e-04
Loss = 2.7167e-01, PNorm = 83.0832, GNorm = 1.7262, lr_0 = 5.5112e-04
Loss = 2.7582e-01, PNorm = 83.1478, GNorm = 1.1012, lr_0 = 5.4971e-04
Loss = 3.7968e-01, PNorm = 83.1918, GNorm = 1.2272, lr_0 = 5.4831e-04
Loss = 3.0026e-01, PNorm = 83.2433, GNorm = 1.1561, lr_0 = 5.4692e-04
Loss = 2.8343e-01, PNorm = 83.2987, GNorm = 1.4441, lr_0 = 5.4552e-04
Loss = 3.1578e-01, PNorm = 83.3447, GNorm = 1.5882, lr_0 = 5.4413e-04
Loss = 2.9803e-01, PNorm = 83.3946, GNorm = 1.7084, lr_0 = 5.4275e-04
Loss = 3.1574e-01, PNorm = 83.4473, GNorm = 1.4287, lr_0 = 5.4136e-04
Loss = 3.0979e-01, PNorm = 83.4918, GNorm = 0.8559, lr_0 = 5.3998e-04
Loss = 2.8672e-01, PNorm = 83.5502, GNorm = 1.0474, lr_0 = 5.3861e-04
Loss = 3.2660e-01, PNorm = 83.6010, GNorm = 1.3364, lr_0 = 5.3723e-04
Validation mcc = 0.544067
Validation auc = 0.831692
Validation accuracy = 0.767857
Validation f1 = 0.762918
Epoch 15
Loss = 2.8412e-01, PNorm = 83.6528, GNorm = 1.0474, lr_0 = 5.3573e-04
Loss = 3.1112e-01, PNorm = 83.7115, GNorm = 1.2968, lr_0 = 5.3436e-04
Loss = 2.9327e-01, PNorm = 83.7689, GNorm = 1.5971, lr_0 = 5.3300e-04
Loss = 2.4922e-01, PNorm = 83.8364, GNorm = 1.3342, lr_0 = 5.3164e-04
Loss = 2.4240e-01, PNorm = 83.8966, GNorm = 2.1881, lr_0 = 5.3029e-04
Loss = 2.9136e-01, PNorm = 83.9487, GNorm = 1.8268, lr_0 = 5.2894e-04
Loss = 2.7540e-01, PNorm = 83.9992, GNorm = 1.0825, lr_0 = 5.2759e-04
Loss = 2.5958e-01, PNorm = 84.0588, GNorm = 1.3133, lr_0 = 5.2624e-04
Loss = 2.7334e-01, PNorm = 84.1057, GNorm = 1.5190, lr_0 = 5.2490e-04
Loss = 3.0683e-01, PNorm = 84.1451, GNorm = 1.3124, lr_0 = 5.2357e-04
Loss = 3.3153e-01, PNorm = 84.1870, GNorm = 1.4273, lr_0 = 5.2223e-04
Loss = 2.8461e-01, PNorm = 84.2369, GNorm = 1.1192, lr_0 = 5.2090e-04
Loss = 2.9923e-01, PNorm = 84.2869, GNorm = 1.6429, lr_0 = 5.1957e-04
Loss = 2.8506e-01, PNorm = 84.3387, GNorm = 1.1968, lr_0 = 5.1825e-04
Loss = 3.1450e-01, PNorm = 84.3972, GNorm = 1.3211, lr_0 = 5.1693e-04
Loss = 2.8300e-01, PNorm = 84.4361, GNorm = 1.0390, lr_0 = 5.1561e-04
Loss = 2.9132e-01, PNorm = 84.4908, GNorm = 1.5635, lr_0 = 5.1430e-04
Loss = 3.5377e-01, PNorm = 84.5412, GNorm = 1.1259, lr_0 = 5.1299e-04
Loss = 3.1909e-01, PNorm = 84.5862, GNorm = 1.3418, lr_0 = 5.1168e-04
Validation mcc = 0.529583
Validation auc = 0.830491
Validation accuracy = 0.763393
Validation f1 = 0.765832
Epoch 16
Loss = 1.8123e-01, PNorm = 84.6397, GNorm = 0.7678, lr_0 = 5.1038e-04
Loss = 2.7074e-01, PNorm = 84.6964, GNorm = 3.0695, lr_0 = 5.0908e-04
Loss = 2.5237e-01, PNorm = 84.7456, GNorm = 1.0096, lr_0 = 5.0778e-04
Loss = 2.6534e-01, PNorm = 84.7888, GNorm = 1.2393, lr_0 = 5.0648e-04
Loss = 2.4397e-01, PNorm = 84.8511, GNorm = 1.0619, lr_0 = 5.0519e-04
Loss = 3.1717e-01, PNorm = 84.8910, GNorm = 1.3520, lr_0 = 5.0391e-04
Loss = 2.7056e-01, PNorm = 84.9383, GNorm = 1.0569, lr_0 = 5.0262e-04
Loss = 2.5061e-01, PNorm = 84.9974, GNorm = 1.0957, lr_0 = 5.0134e-04
Loss = 2.4682e-01, PNorm = 85.0482, GNorm = 1.7368, lr_0 = 5.0006e-04
Loss = 2.6883e-01, PNorm = 85.0933, GNorm = 1.0323, lr_0 = 4.9879e-04
Loss = 2.8202e-01, PNorm = 85.1399, GNorm = 1.4888, lr_0 = 4.9752e-04
Loss = 2.8245e-01, PNorm = 85.1882, GNorm = 1.4610, lr_0 = 4.9625e-04
Loss = 3.0277e-01, PNorm = 85.2287, GNorm = 1.0401, lr_0 = 4.9499e-04
Loss = 2.6605e-01, PNorm = 85.2832, GNorm = 2.4547, lr_0 = 4.9372e-04
Loss = 3.2190e-01, PNorm = 85.3275, GNorm = 1.2345, lr_0 = 4.9247e-04
Loss = 2.5698e-01, PNorm = 85.3783, GNorm = 1.2768, lr_0 = 4.9121e-04
Loss = 3.0721e-01, PNorm = 85.4280, GNorm = 1.5209, lr_0 = 4.8996e-04
Loss = 2.7069e-01, PNorm = 85.4684, GNorm = 1.9066, lr_0 = 4.8871e-04
Loss = 2.8597e-01, PNorm = 85.5151, GNorm = 0.8736, lr_0 = 4.8746e-04
Validation mcc = 0.529211
Validation auc = 0.825130
Validation accuracy = 0.761905
Validation f1 = 0.760479
Epoch 17
Loss = 2.1291e-01, PNorm = 85.5696, GNorm = 0.9559, lr_0 = 4.8610e-04
Loss = 2.3456e-01, PNorm = 85.6275, GNorm = 1.2058, lr_0 = 4.8486e-04
Loss = 2.6878e-01, PNorm = 85.6757, GNorm = 1.5297, lr_0 = 4.8362e-04
Loss = 2.7616e-01, PNorm = 85.7233, GNorm = 1.5583, lr_0 = 4.8239e-04
Loss = 2.5073e-01, PNorm = 85.7736, GNorm = 1.1483, lr_0 = 4.8116e-04
Loss = 2.5447e-01, PNorm = 85.8176, GNorm = 1.5524, lr_0 = 4.7994e-04
Loss = 2.7981e-01, PNorm = 85.8592, GNorm = 1.3400, lr_0 = 4.7871e-04
Loss = 2.4791e-01, PNorm = 85.9097, GNorm = 1.2513, lr_0 = 4.7749e-04
Loss = 2.4379e-01, PNorm = 85.9532, GNorm = 1.0858, lr_0 = 4.7628e-04
Loss = 2.3334e-01, PNorm = 85.9954, GNorm = 1.5398, lr_0 = 4.7506e-04
Loss = 2.9229e-01, PNorm = 86.0232, GNorm = 1.7613, lr_0 = 4.7385e-04
Loss = 2.0879e-01, PNorm = 86.0636, GNorm = 2.0856, lr_0 = 4.7264e-04
Loss = 2.4772e-01, PNorm = 86.1103, GNorm = 1.1684, lr_0 = 4.7144e-04
Loss = 2.9313e-01, PNorm = 86.1501, GNorm = 2.0672, lr_0 = 4.7024e-04
Loss = 3.0854e-01, PNorm = 86.1992, GNorm = 1.3119, lr_0 = 4.6904e-04
Loss = 2.9303e-01, PNorm = 86.2460, GNorm = 1.2329, lr_0 = 4.6784e-04
Loss = 2.4411e-01, PNorm = 86.2893, GNorm = 0.7492, lr_0 = 4.6665e-04
Loss = 3.1374e-01, PNorm = 86.3251, GNorm = 1.3189, lr_0 = 4.6546e-04
Loss = 2.9027e-01, PNorm = 86.3669, GNorm = 1.6273, lr_0 = 4.6428e-04
Validation mcc = 0.546182
Validation auc = 0.842376
Validation accuracy = 0.773810
Validation f1 = 0.785915
Epoch 18
Loss = 1.9792e-01, PNorm = 86.4172, GNorm = 1.1866, lr_0 = 4.6298e-04
Loss = 2.8004e-01, PNorm = 86.4500, GNorm = 1.2087, lr_0 = 4.6180e-04
Loss = 2.3896e-01, PNorm = 86.4934, GNorm = 0.9157, lr_0 = 4.6062e-04
Loss = 2.0740e-01, PNorm = 86.5433, GNorm = 1.3435, lr_0 = 4.5945e-04
Loss = 2.4376e-01, PNorm = 86.5784, GNorm = 1.7918, lr_0 = 4.5827e-04
Loss = 2.7162e-01, PNorm = 86.6181, GNorm = 1.4371, lr_0 = 4.5711e-04
Loss = 2.0633e-01, PNorm = 86.6631, GNorm = 1.2491, lr_0 = 4.5594e-04
Loss = 2.0573e-01, PNorm = 86.7110, GNorm = 1.6085, lr_0 = 4.5478e-04
Loss = 2.6224e-01, PNorm = 86.7507, GNorm = 2.2320, lr_0 = 4.5362e-04
Loss = 2.5454e-01, PNorm = 86.7916, GNorm = 1.5713, lr_0 = 4.5247e-04
Loss = 2.5546e-01, PNorm = 86.8361, GNorm = 1.1779, lr_0 = 4.5131e-04
Loss = 3.0072e-01, PNorm = 86.8684, GNorm = 1.4605, lr_0 = 4.5016e-04
Loss = 2.4519e-01, PNorm = 86.9097, GNorm = 0.8141, lr_0 = 4.4901e-04
Loss = 2.6148e-01, PNorm = 86.9530, GNorm = 1.9480, lr_0 = 4.4787e-04
Loss = 2.7956e-01, PNorm = 86.9821, GNorm = 1.1760, lr_0 = 4.4673e-04
Loss = 2.7364e-01, PNorm = 87.0342, GNorm = 1.6402, lr_0 = 4.4559e-04
Loss = 2.8280e-01, PNorm = 87.0724, GNorm = 1.1481, lr_0 = 4.4446e-04
Loss = 2.7030e-01, PNorm = 87.1106, GNorm = 0.9736, lr_0 = 4.4332e-04
Validation mcc = 0.538440
Validation auc = 0.832372
Validation accuracy = 0.766369
Validation f1 = 0.764618
Epoch 19
Loss = 2.0760e-01, PNorm = 87.1513, GNorm = 1.3334, lr_0 = 4.4219e-04
Loss = 2.1788e-01, PNorm = 87.1931, GNorm = 1.9842, lr_0 = 4.4107e-04
Loss = 2.4283e-01, PNorm = 87.2342, GNorm = 1.5521, lr_0 = 4.3994e-04
Loss = 2.6576e-01, PNorm = 87.2727, GNorm = 1.7138, lr_0 = 4.3882e-04
Loss = 2.2387e-01, PNorm = 87.3111, GNorm = 1.4421, lr_0 = 4.3770e-04
Loss = 2.5381e-01, PNorm = 87.3476, GNorm = 1.4353, lr_0 = 4.3659e-04
Loss = 2.3523e-01, PNorm = 87.3853, GNorm = 1.4071, lr_0 = 4.3547e-04
Loss = 2.3365e-01, PNorm = 87.4215, GNorm = 2.3052, lr_0 = 4.3436e-04
Loss = 2.4996e-01, PNorm = 87.4517, GNorm = 2.2312, lr_0 = 4.3326e-04
Loss = 2.2825e-01, PNorm = 87.4964, GNorm = 1.5394, lr_0 = 4.3215e-04
Loss = 2.1396e-01, PNorm = 87.5324, GNorm = 1.3344, lr_0 = 4.3105e-04
Loss = 2.2527e-01, PNorm = 87.5705, GNorm = 1.2767, lr_0 = 4.2995e-04
Loss = 2.6322e-01, PNorm = 87.6027, GNorm = 1.5838, lr_0 = 4.2886e-04
Loss = 2.3633e-01, PNorm = 87.6385, GNorm = 1.4571, lr_0 = 4.2777e-04
Loss = 2.3243e-01, PNorm = 87.6748, GNorm = 1.1355, lr_0 = 4.2668e-04
Loss = 2.0188e-01, PNorm = 87.7114, GNorm = 0.9006, lr_0 = 4.2559e-04
Loss = 2.3508e-01, PNorm = 87.7479, GNorm = 2.0189, lr_0 = 4.2450e-04
Loss = 2.4117e-01, PNorm = 87.7800, GNorm = 1.5675, lr_0 = 4.2342e-04
Loss = 2.4219e-01, PNorm = 87.8130, GNorm = 1.4933, lr_0 = 4.2234e-04
Validation mcc = 0.523434
Validation auc = 0.832905
Validation accuracy = 0.761905
Validation f1 = 0.770774
Epoch 20
Loss = 1.8825e-01, PNorm = 87.8559, GNorm = 1.0167, lr_0 = 4.2116e-04
Loss = 2.1259e-01, PNorm = 87.8924, GNorm = 1.4289, lr_0 = 4.2009e-04
Loss = 2.4128e-01, PNorm = 87.9186, GNorm = 2.2677, lr_0 = 4.1902e-04
Loss = 2.2350e-01, PNorm = 87.9618, GNorm = 1.2748, lr_0 = 4.1795e-04
Loss = 2.0692e-01, PNorm = 88.0133, GNorm = 1.7106, lr_0 = 4.1688e-04
Loss = 2.1376e-01, PNorm = 88.0500, GNorm = 0.8753, lr_0 = 4.1582e-04
Loss = 2.1887e-01, PNorm = 88.0889, GNorm = 1.7141, lr_0 = 4.1476e-04
Loss = 2.6539e-01, PNorm = 88.1190, GNorm = 1.5449, lr_0 = 4.1370e-04
Loss = 2.8797e-01, PNorm = 88.1557, GNorm = 1.6239, lr_0 = 4.1265e-04
Loss = 2.3368e-01, PNorm = 88.1966, GNorm = 1.3063, lr_0 = 4.1160e-04
Loss = 2.2153e-01, PNorm = 88.2373, GNorm = 1.0775, lr_0 = 4.1055e-04
Loss = 2.3375e-01, PNorm = 88.2741, GNorm = 1.8482, lr_0 = 4.0950e-04
Loss = 2.6949e-01, PNorm = 88.3001, GNorm = 1.3680, lr_0 = 4.0846e-04
Loss = 2.1420e-01, PNorm = 88.3311, GNorm = 1.4375, lr_0 = 4.0742e-04
Loss = 2.1788e-01, PNorm = 88.3644, GNorm = 1.4421, lr_0 = 4.0638e-04
Loss = 2.2536e-01, PNorm = 88.3985, GNorm = 1.6882, lr_0 = 4.0534e-04
Loss = 2.3341e-01, PNorm = 88.4364, GNorm = 1.1585, lr_0 = 4.0431e-04
Loss = 2.5375e-01, PNorm = 88.4636, GNorm = 3.0702, lr_0 = 4.0328e-04
Loss = 2.2847e-01, PNorm = 88.4914, GNorm = 2.2884, lr_0 = 4.0225e-04
Validation mcc = 0.518455
Validation auc = 0.832967
Validation accuracy = 0.759673
Validation f1 = 0.770107
Epoch 21
Loss = 1.7298e-01, PNorm = 88.5283, GNorm = 0.9298, lr_0 = 4.0113e-04
Loss = 2.0047e-01, PNorm = 88.5643, GNorm = 1.4511, lr_0 = 4.0010e-04
Loss = 1.6271e-01, PNorm = 88.5975, GNorm = 0.7299, lr_0 = 3.9908e-04
Loss = 1.9061e-01, PNorm = 88.6335, GNorm = 1.5538, lr_0 = 3.9807e-04
Loss = 1.9217e-01, PNorm = 88.6617, GNorm = 1.9693, lr_0 = 3.9705e-04
Loss = 1.9589e-01, PNorm = 88.6924, GNorm = 1.9519, lr_0 = 3.9604e-04
Loss = 2.4017e-01, PNorm = 88.7207, GNorm = 1.4538, lr_0 = 3.9503e-04
Loss = 2.0268e-01, PNorm = 88.7528, GNorm = 2.0959, lr_0 = 3.9402e-04
Loss = 2.5301e-01, PNorm = 88.7807, GNorm = 1.5443, lr_0 = 3.9302e-04
Loss = 2.4460e-01, PNorm = 88.8134, GNorm = 1.9913, lr_0 = 3.9202e-04
Loss = 2.2654e-01, PNorm = 88.8515, GNorm = 1.0519, lr_0 = 3.9102e-04
Loss = 2.0897e-01, PNorm = 88.8901, GNorm = 1.1478, lr_0 = 3.9002e-04
Loss = 2.1995e-01, PNorm = 88.9203, GNorm = 2.0715, lr_0 = 3.8903e-04
Loss = 2.0626e-01, PNorm = 88.9508, GNorm = 1.8855, lr_0 = 3.8804e-04
Loss = 2.0649e-01, PNorm = 88.9836, GNorm = 1.4779, lr_0 = 3.8705e-04
Loss = 2.4106e-01, PNorm = 89.0120, GNorm = 1.9937, lr_0 = 3.8606e-04
Loss = 2.3759e-01, PNorm = 89.0361, GNorm = 1.3770, lr_0 = 3.8508e-04
Loss = 2.2835e-01, PNorm = 89.0621, GNorm = 1.1342, lr_0 = 3.8410e-04
Loss = 2.1195e-01, PNorm = 89.0961, GNorm = 1.3430, lr_0 = 3.8312e-04
Validation mcc = 0.548249
Validation auc = 0.839671
Validation accuracy = 0.773810
Validation f1 = 0.780029
Epoch 22
Loss = 1.8147e-01, PNorm = 89.1226, GNorm = 1.7669, lr_0 = 3.8214e-04
Loss = 1.7229e-01, PNorm = 89.1516, GNorm = 1.7419, lr_0 = 3.8117e-04
Loss = 1.9515e-01, PNorm = 89.1831, GNorm = 1.3143, lr_0 = 3.8020e-04
Loss = 1.9861e-01, PNorm = 89.2112, GNorm = 2.0937, lr_0 = 3.7923e-04
Loss = 1.8839e-01, PNorm = 89.2421, GNorm = 1.0245, lr_0 = 3.7826e-04
Loss = 2.0329e-01, PNorm = 89.2765, GNorm = 1.4958, lr_0 = 3.7730e-04
Loss = 1.9260e-01, PNorm = 89.3036, GNorm = 1.5324, lr_0 = 3.7634e-04
Loss = 2.0062e-01, PNorm = 89.3402, GNorm = 0.8263, lr_0 = 3.7538e-04
Loss = 1.8373e-01, PNorm = 89.3691, GNorm = 1.3402, lr_0 = 3.7442e-04
Loss = 2.1458e-01, PNorm = 89.4009, GNorm = 1.3135, lr_0 = 3.7347e-04
Loss = 2.4279e-01, PNorm = 89.4284, GNorm = 1.8810, lr_0 = 3.7251e-04
Loss = 2.1825e-01, PNorm = 89.4614, GNorm = 1.3940, lr_0 = 3.7157e-04
Loss = 2.1480e-01, PNorm = 89.4936, GNorm = 2.1447, lr_0 = 3.7062e-04
Loss = 2.1011e-01, PNorm = 89.5147, GNorm = 1.7048, lr_0 = 3.6967e-04
Loss = 2.0637e-01, PNorm = 89.5441, GNorm = 2.1101, lr_0 = 3.6873e-04
Loss = 2.3092e-01, PNorm = 89.5700, GNorm = 1.3743, lr_0 = 3.6779e-04
Loss = 2.0592e-01, PNorm = 89.5957, GNorm = 1.1396, lr_0 = 3.6686e-04
Loss = 1.8032e-01, PNorm = 89.6226, GNorm = 0.8232, lr_0 = 3.6592e-04
Validation mcc = 0.542288
Validation auc = 0.829250
Validation accuracy = 0.770089
Validation f1 = 0.773626
Epoch 23
Loss = 1.7214e-01, PNorm = 89.6487, GNorm = 1.3053, lr_0 = 3.6489e-04
Loss = 1.8781e-01, PNorm = 89.6776, GNorm = 1.1539, lr_0 = 3.6396e-04
Loss = 2.1307e-01, PNorm = 89.7092, GNorm = 1.6466, lr_0 = 3.6304e-04
Loss = 1.7442e-01, PNorm = 89.7393, GNorm = 1.3972, lr_0 = 3.6211e-04
Loss = 1.9874e-01, PNorm = 89.7659, GNorm = 1.5350, lr_0 = 3.6119e-04
Loss = 1.7271e-01, PNorm = 89.7931, GNorm = 1.2222, lr_0 = 3.6027e-04
Loss = 1.4072e-01, PNorm = 89.8254, GNorm = 1.9422, lr_0 = 3.5935e-04
Loss = 1.8499e-01, PNorm = 89.8514, GNorm = 3.3172, lr_0 = 3.5844e-04
Loss = 1.9464e-01, PNorm = 89.8780, GNorm = 1.4996, lr_0 = 3.5752e-04
Loss = 2.0823e-01, PNorm = 89.9059, GNorm = 1.3710, lr_0 = 3.5661e-04
Loss = 1.9510e-01, PNorm = 89.9351, GNorm = 1.4470, lr_0 = 3.5570e-04
Loss = 2.2514e-01, PNorm = 89.9650, GNorm = 1.8520, lr_0 = 3.5480e-04
Loss = 2.0584e-01, PNorm = 89.9964, GNorm = 1.8054, lr_0 = 3.5389e-04
Loss = 1.6916e-01, PNorm = 90.0269, GNorm = 0.7364, lr_0 = 3.5299e-04
Loss = 1.7061e-01, PNorm = 90.0561, GNorm = 1.7036, lr_0 = 3.5209e-04
Loss = 1.8111e-01, PNorm = 90.0842, GNorm = 2.1455, lr_0 = 3.5119e-04
Loss = 2.0433e-01, PNorm = 90.1074, GNorm = 2.2292, lr_0 = 3.5030e-04
Loss = 1.7691e-01, PNorm = 90.1284, GNorm = 1.0543, lr_0 = 3.4940e-04
Loss = 1.8194e-01, PNorm = 90.1500, GNorm = 2.1801, lr_0 = 3.4851e-04
Validation mcc = 0.549084
Validation auc = 0.844999
Validation accuracy = 0.773810
Validation f1 = 0.778426
Epoch 24
Loss = 1.4333e-01, PNorm = 90.1758, GNorm = 1.1961, lr_0 = 3.4754e-04
Loss = 1.8763e-01, PNorm = 90.2114, GNorm = 1.2879, lr_0 = 3.4665e-04
Loss = 2.0704e-01, PNorm = 90.2405, GNorm = 1.1674, lr_0 = 3.4577e-04
Loss = 2.0584e-01, PNorm = 90.2720, GNorm = 2.6286, lr_0 = 3.4489e-04
Loss = 1.7163e-01, PNorm = 90.3025, GNorm = 1.2167, lr_0 = 3.4401e-04
Loss = 1.7841e-01, PNorm = 90.3282, GNorm = 2.1511, lr_0 = 3.4313e-04
Loss = 1.3952e-01, PNorm = 90.3489, GNorm = 1.6447, lr_0 = 3.4226e-04
Loss = 1.8341e-01, PNorm = 90.3689, GNorm = 1.4675, lr_0 = 3.4139e-04
Loss = 1.7905e-01, PNorm = 90.3899, GNorm = 1.7437, lr_0 = 3.4052e-04
Loss = 1.9613e-01, PNorm = 90.4141, GNorm = 1.3944, lr_0 = 3.3965e-04
Loss = 1.7178e-01, PNorm = 90.4478, GNorm = 1.3202, lr_0 = 3.3878e-04
Loss = 1.9829e-01, PNorm = 90.4799, GNorm = 1.6808, lr_0 = 3.3792e-04
Loss = 1.6860e-01, PNorm = 90.5080, GNorm = 0.7249, lr_0 = 3.3706e-04
Loss = 1.6848e-01, PNorm = 90.5396, GNorm = 2.1971, lr_0 = 3.3620e-04
Loss = 1.9507e-01, PNorm = 90.5646, GNorm = 1.7553, lr_0 = 3.3534e-04
Loss = 2.0471e-01, PNorm = 90.5914, GNorm = 1.4672, lr_0 = 3.3449e-04
Loss = 1.9967e-01, PNorm = 90.6134, GNorm = 1.5236, lr_0 = 3.3363e-04
Loss = 1.8177e-01, PNorm = 90.6392, GNorm = 1.5748, lr_0 = 3.3278e-04
Loss = 1.5970e-01, PNorm = 90.6602, GNorm = 1.8695, lr_0 = 3.3194e-04
Validation mcc = 0.536924
Validation auc = 0.835845
Validation accuracy = 0.769345
Validation f1 = 0.783520
Epoch 25
Loss = 1.3756e-01, PNorm = 90.6885, GNorm = 1.6819, lr_0 = 3.3109e-04
Loss = 1.5302e-01, PNorm = 90.7149, GNorm = 1.6761, lr_0 = 3.3025e-04
Loss = 1.6744e-01, PNorm = 90.7396, GNorm = 1.0830, lr_0 = 3.2941e-04
Loss = 1.6084e-01, PNorm = 90.7633, GNorm = 1.3193, lr_0 = 3.2857e-04
Loss = 1.7363e-01, PNorm = 90.7845, GNorm = 1.3768, lr_0 = 3.2773e-04
Loss = 1.6897e-01, PNorm = 90.7996, GNorm = 1.6540, lr_0 = 3.2689e-04
Loss = 1.8258e-01, PNorm = 90.8206, GNorm = 1.9903, lr_0 = 3.2606e-04
Loss = 1.7698e-01, PNorm = 90.8386, GNorm = 2.6895, lr_0 = 3.2523e-04
Loss = 1.8809e-01, PNorm = 90.8647, GNorm = 1.7557, lr_0 = 3.2440e-04
Loss = 1.8776e-01, PNorm = 90.8925, GNorm = 1.8418, lr_0 = 3.2357e-04
Loss = 1.8047e-01, PNorm = 90.9160, GNorm = 1.8296, lr_0 = 3.2275e-04
Loss = 2.0630e-01, PNorm = 90.9377, GNorm = 1.7520, lr_0 = 3.2193e-04
Loss = 1.8455e-01, PNorm = 90.9595, GNorm = 0.9607, lr_0 = 3.2111e-04
Loss = 1.8842e-01, PNorm = 90.9760, GNorm = 2.2823, lr_0 = 3.2029e-04
Loss = 1.9276e-01, PNorm = 90.9975, GNorm = 1.2999, lr_0 = 3.1947e-04
Loss = 1.6292e-01, PNorm = 91.0257, GNorm = 1.7711, lr_0 = 3.1866e-04
Loss = 1.9303e-01, PNorm = 91.0441, GNorm = 2.2009, lr_0 = 3.1785e-04
Loss = 1.7168e-01, PNorm = 91.0671, GNorm = 1.7534, lr_0 = 3.1704e-04
Loss = 2.1051e-01, PNorm = 91.0938, GNorm = 1.6967, lr_0 = 3.1623e-04
Loss = 1.1447e-01, PNorm = 91.0956, GNorm = 2.7847, lr_0 = 3.1615e-04
Validation mcc = 0.551781
Validation auc = 0.836458
Validation accuracy = 0.776786
Validation f1 = 0.791667
Epoch 26
Loss = 1.8120e-01, PNorm = 91.1199, GNorm = 0.7802, lr_0 = 3.1534e-04
Loss = 1.7268e-01, PNorm = 91.1471, GNorm = 2.1200, lr_0 = 3.1454e-04
Loss = 1.4438e-01, PNorm = 91.1723, GNorm = 2.1357, lr_0 = 3.1374e-04
Loss = 1.5284e-01, PNorm = 91.1966, GNorm = 1.4007, lr_0 = 3.1294e-04
Loss = 1.6757e-01, PNorm = 91.2189, GNorm = 2.4234, lr_0 = 3.1214e-04
Loss = 1.3033e-01, PNorm = 91.2446, GNorm = 0.9432, lr_0 = 3.1134e-04
Loss = 1.5446e-01, PNorm = 91.2686, GNorm = 1.5356, lr_0 = 3.1055e-04
Loss = 1.5861e-01, PNorm = 91.2928, GNorm = 1.8922, lr_0 = 3.0976e-04
Loss = 1.8169e-01, PNorm = 91.3140, GNorm = 1.9756, lr_0 = 3.0897e-04
Loss = 1.9091e-01, PNorm = 91.3348, GNorm = 2.2708, lr_0 = 3.0818e-04
Loss = 1.7605e-01, PNorm = 91.3557, GNorm = 1.2838, lr_0 = 3.0740e-04
Loss = 1.7627e-01, PNorm = 91.3816, GNorm = 1.9173, lr_0 = 3.0661e-04
Loss = 1.5193e-01, PNorm = 91.4008, GNorm = 1.3397, lr_0 = 3.0583e-04
Loss = 1.5842e-01, PNorm = 91.4192, GNorm = 2.4696, lr_0 = 3.0505e-04
Loss = 1.5253e-01, PNorm = 91.4363, GNorm = 1.4936, lr_0 = 3.0428e-04
Loss = 1.9512e-01, PNorm = 91.4535, GNorm = 2.1217, lr_0 = 3.0350e-04
Loss = 1.5541e-01, PNorm = 91.4737, GNorm = 1.1950, lr_0 = 3.0273e-04
Loss = 1.7394e-01, PNorm = 91.4958, GNorm = 2.3660, lr_0 = 3.0196e-04
Validation mcc = 0.529525
Validation auc = 0.830512
Validation accuracy = 0.765625
Validation f1 = 0.785276
Epoch 27
Loss = 1.5270e-01, PNorm = 91.5177, GNorm = 1.0384, lr_0 = 3.0111e-04
Loss = 1.3560e-01, PNorm = 91.5451, GNorm = 2.1330, lr_0 = 3.0034e-04
Loss = 1.6319e-01, PNorm = 91.5642, GNorm = 1.7254, lr_0 = 2.9958e-04
Loss = 1.8474e-01, PNorm = 91.5861, GNorm = 1.9208, lr_0 = 2.9881e-04
Loss = 1.8071e-01, PNorm = 91.5980, GNorm = 1.4219, lr_0 = 2.9805e-04
Loss = 1.6286e-01, PNorm = 91.6204, GNorm = 1.2228, lr_0 = 2.9729e-04
Loss = 1.4309e-01, PNorm = 91.6353, GNorm = 1.1312, lr_0 = 2.9653e-04
Loss = 1.4383e-01, PNorm = 91.6582, GNorm = 0.9890, lr_0 = 2.9578e-04
Loss = 1.4304e-01, PNorm = 91.6764, GNorm = 1.0269, lr_0 = 2.9502e-04
Loss = 1.4992e-01, PNorm = 91.6971, GNorm = 1.8242, lr_0 = 2.9427e-04
Loss = 1.7103e-01, PNorm = 91.7141, GNorm = 1.0376, lr_0 = 2.9352e-04
Loss = 1.4622e-01, PNorm = 91.7356, GNorm = 1.4968, lr_0 = 2.9277e-04
Loss = 1.7106e-01, PNorm = 91.7528, GNorm = 2.1094, lr_0 = 2.9203e-04
Loss = 1.9563e-01, PNorm = 91.7775, GNorm = 2.5790, lr_0 = 2.9128e-04
Loss = 1.2583e-01, PNorm = 91.7899, GNorm = 1.3795, lr_0 = 2.9054e-04
Loss = 1.5994e-01, PNorm = 91.8111, GNorm = 1.3922, lr_0 = 2.8980e-04
Loss = 1.6019e-01, PNorm = 91.8266, GNorm = 0.6594, lr_0 = 2.8906e-04
Loss = 1.6187e-01, PNorm = 91.8480, GNorm = 1.7748, lr_0 = 2.8833e-04
Loss = 1.6391e-01, PNorm = 91.8627, GNorm = 1.7920, lr_0 = 2.8759e-04
Validation mcc = 0.551263
Validation auc = 0.840839
Validation accuracy = 0.776042
Validation f1 = 0.785765
Epoch 28
Loss = 1.6275e-01, PNorm = 91.8872, GNorm = 1.0641, lr_0 = 2.8679e-04
Loss = 1.4930e-01, PNorm = 91.9086, GNorm = 1.2371, lr_0 = 2.8605e-04
Loss = 1.6673e-01, PNorm = 91.9233, GNorm = 2.5918, lr_0 = 2.8533e-04
Loss = 1.5387e-01, PNorm = 91.9448, GNorm = 1.6558, lr_0 = 2.8460e-04
Loss = 1.5160e-01, PNorm = 91.9609, GNorm = 1.9884, lr_0 = 2.8387e-04
Loss = 1.6460e-01, PNorm = 91.9837, GNorm = 1.9230, lr_0 = 2.8315e-04
Loss = 1.4282e-01, PNorm = 91.9978, GNorm = 2.7863, lr_0 = 2.8243e-04
Loss = 1.4078e-01, PNorm = 92.0155, GNorm = 1.2220, lr_0 = 2.8171e-04
Loss = 1.2186e-01, PNorm = 92.0378, GNorm = 1.8056, lr_0 = 2.8099e-04
Loss = 1.8077e-01, PNorm = 92.0443, GNorm = 1.4723, lr_0 = 2.8027e-04
Loss = 1.4778e-01, PNorm = 92.0605, GNorm = 1.7697, lr_0 = 2.7956e-04
Loss = 1.3336e-01, PNorm = 92.0777, GNorm = 2.2085, lr_0 = 2.7885e-04
Loss = 1.6760e-01, PNorm = 92.0990, GNorm = 0.5964, lr_0 = 2.7814e-04
Loss = 1.5720e-01, PNorm = 92.1154, GNorm = 1.3873, lr_0 = 2.7743e-04
Loss = 1.5791e-01, PNorm = 92.1356, GNorm = 1.1098, lr_0 = 2.7672e-04
Loss = 1.8223e-01, PNorm = 92.1528, GNorm = 2.3454, lr_0 = 2.7602e-04
Loss = 1.4271e-01, PNorm = 92.1699, GNorm = 1.4385, lr_0 = 2.7531e-04
Loss = 1.5231e-01, PNorm = 92.1850, GNorm = 1.3510, lr_0 = 2.7461e-04
Loss = 1.3803e-01, PNorm = 92.2066, GNorm = 1.5725, lr_0 = 2.7391e-04
Validation mcc = 0.533542
Validation auc = 0.839248
Validation accuracy = 0.765625
Validation f1 = 0.768892
Epoch 29
Loss = 1.2393e-01, PNorm = 92.2247, GNorm = 1.3998, lr_0 = 2.7321e-04
Loss = 1.1015e-01, PNorm = 92.2419, GNorm = 1.7753, lr_0 = 2.7252e-04
Loss = 1.2507e-01, PNorm = 92.2596, GNorm = 1.0014, lr_0 = 2.7182e-04
Loss = 1.7771e-01, PNorm = 92.2784, GNorm = 2.7010, lr_0 = 2.7113e-04
Loss = 1.4317e-01, PNorm = 92.2905, GNorm = 1.3907, lr_0 = 2.7044e-04
Loss = 1.6247e-01, PNorm = 92.3109, GNorm = 1.5794, lr_0 = 2.6975e-04
Loss = 1.4466e-01, PNorm = 92.3267, GNorm = 1.9953, lr_0 = 2.6906e-04
Loss = 1.6136e-01, PNorm = 92.3478, GNorm = 1.0420, lr_0 = 2.6838e-04
Loss = 1.3211e-01, PNorm = 92.3653, GNorm = 0.9835, lr_0 = 2.6769e-04
Loss = 1.1983e-01, PNorm = 92.3840, GNorm = 1.6132, lr_0 = 2.6701e-04
Loss = 1.5793e-01, PNorm = 92.3959, GNorm = 1.4533, lr_0 = 2.6633e-04
Loss = 1.3967e-01, PNorm = 92.4116, GNorm = 1.7837, lr_0 = 2.6565e-04
Loss = 1.2812e-01, PNorm = 92.4268, GNorm = 1.3591, lr_0 = 2.6497e-04
Loss = 1.5635e-01, PNorm = 92.4360, GNorm = 1.7426, lr_0 = 2.6430e-04
Loss = 1.6139e-01, PNorm = 92.4562, GNorm = 1.7257, lr_0 = 2.6363e-04
Loss = 1.7388e-01, PNorm = 92.4699, GNorm = 1.9387, lr_0 = 2.6295e-04
Loss = 1.6719e-01, PNorm = 92.4878, GNorm = 2.1711, lr_0 = 2.6228e-04
Loss = 1.3139e-01, PNorm = 92.5005, GNorm = 2.0187, lr_0 = 2.6162e-04
Validation mcc = 0.551817
Validation auc = 0.841217
Validation accuracy = 0.776042
Validation f1 = 0.784229
Epoch 30
Loss = 8.7589e-02, PNorm = 92.5143, GNorm = 0.7485, lr_0 = 2.6088e-04
Loss = 1.4568e-01, PNorm = 92.5261, GNorm = 1.7192, lr_0 = 2.6022e-04
Loss = 1.1868e-01, PNorm = 92.5402, GNorm = 2.4777, lr_0 = 2.5955e-04
Loss = 1.7229e-01, PNorm = 92.5550, GNorm = 3.1225, lr_0 = 2.5889e-04
Loss = 1.1995e-01, PNorm = 92.5725, GNorm = 1.7534, lr_0 = 2.5823e-04
Loss = 1.4475e-01, PNorm = 92.5914, GNorm = 0.6595, lr_0 = 2.5758e-04
Loss = 1.1295e-01, PNorm = 92.6122, GNorm = 1.4798, lr_0 = 2.5692e-04
Loss = 1.3135e-01, PNorm = 92.6306, GNorm = 1.1978, lr_0 = 2.5626e-04
Loss = 1.3059e-01, PNorm = 92.6447, GNorm = 0.6014, lr_0 = 2.5561e-04
Loss = 1.4169e-01, PNorm = 92.6566, GNorm = 1.7339, lr_0 = 2.5496e-04
Loss = 1.2747e-01, PNorm = 92.6728, GNorm = 0.7979, lr_0 = 2.5431e-04
Loss = 1.5570e-01, PNorm = 92.6912, GNorm = 1.3481, lr_0 = 2.5366e-04
Loss = 1.8789e-01, PNorm = 92.7042, GNorm = 1.7394, lr_0 = 2.5302e-04
Loss = 1.5008e-01, PNorm = 92.7235, GNorm = 2.4997, lr_0 = 2.5237e-04
Loss = 1.3486e-01, PNorm = 92.7389, GNorm = 2.1859, lr_0 = 2.5173e-04
Loss = 1.3160e-01, PNorm = 92.7557, GNorm = 1.0716, lr_0 = 2.5109e-04
Loss = 1.3892e-01, PNorm = 92.7690, GNorm = 1.5042, lr_0 = 2.5045e-04
Loss = 1.5017e-01, PNorm = 92.7863, GNorm = 1.0079, lr_0 = 2.4981e-04
Loss = 1.4923e-01, PNorm = 92.7972, GNorm = 0.8994, lr_0 = 2.4917e-04
Validation mcc = 0.542315
Validation auc = 0.838386
Validation accuracy = 0.771577
Validation f1 = 0.781495
Epoch 31
Loss = 1.1722e-01, PNorm = 92.8204, GNorm = 1.5424, lr_0 = 2.4847e-04
Loss = 1.3782e-01, PNorm = 92.8353, GNorm = 1.4520, lr_0 = 2.4784e-04
Loss = 1.1810e-01, PNorm = 92.8559, GNorm = 2.2539, lr_0 = 2.4721e-04
Loss = 1.4562e-01, PNorm = 92.8691, GNorm = 2.1319, lr_0 = 2.4658e-04
Loss = 1.3219e-01, PNorm = 92.8821, GNorm = 1.5578, lr_0 = 2.4595e-04
Loss = 1.3194e-01, PNorm = 92.8981, GNorm = 1.1826, lr_0 = 2.4532e-04
Loss = 1.3719e-01, PNorm = 92.9112, GNorm = 2.0144, lr_0 = 2.4470e-04
Loss = 1.1829e-01, PNorm = 92.9270, GNorm = 1.5145, lr_0 = 2.4407e-04
Loss = 1.2954e-01, PNorm = 92.9448, GNorm = 1.9694, lr_0 = 2.4345e-04
Loss = 1.3738e-01, PNorm = 92.9620, GNorm = 1.4893, lr_0 = 2.4283e-04
Loss = 1.4319e-01, PNorm = 92.9745, GNorm = 1.6446, lr_0 = 2.4221e-04
Loss = 1.5007e-01, PNorm = 92.9841, GNorm = 1.7907, lr_0 = 2.4160e-04
Loss = 1.5629e-01, PNorm = 92.9967, GNorm = 1.7384, lr_0 = 2.4098e-04
Loss = 1.5312e-01, PNorm = 93.0119, GNorm = 1.6867, lr_0 = 2.4037e-04
Loss = 1.2884e-01, PNorm = 93.0265, GNorm = 2.0743, lr_0 = 2.3975e-04
Loss = 1.1895e-01, PNorm = 93.0384, GNorm = 1.6446, lr_0 = 2.3914e-04
Loss = 1.6107e-01, PNorm = 93.0488, GNorm = 2.1053, lr_0 = 2.3853e-04
Loss = 1.2032e-01, PNorm = 93.0618, GNorm = 1.5487, lr_0 = 2.3793e-04
Loss = 1.3259e-01, PNorm = 93.0708, GNorm = 1.9232, lr_0 = 2.3732e-04
Validation mcc = 0.531052
Validation auc = 0.838058
Validation accuracy = 0.766369
Validation f1 = 0.786104
Epoch 32
Loss = 1.2441e-01, PNorm = 93.0933, GNorm = 1.8425, lr_0 = 2.3671e-04
Loss = 1.2833e-01, PNorm = 93.1015, GNorm = 1.2660, lr_0 = 2.3611e-04
Loss = 1.2765e-01, PNorm = 93.1216, GNorm = 1.0035, lr_0 = 2.3551e-04
Loss = 1.4855e-01, PNorm = 93.1345, GNorm = 2.0634, lr_0 = 2.3491e-04
Loss = 1.2635e-01, PNorm = 93.1494, GNorm = 2.3369, lr_0 = 2.3431e-04
Loss = 1.1661e-01, PNorm = 93.1626, GNorm = 1.7898, lr_0 = 2.3371e-04
Loss = 1.1904e-01, PNorm = 93.1771, GNorm = 1.6196, lr_0 = 2.3312e-04
Loss = 1.4949e-01, PNorm = 93.1873, GNorm = 1.5424, lr_0 = 2.3252e-04
Loss = 1.3493e-01, PNorm = 93.2007, GNorm = 2.8436, lr_0 = 2.3193e-04
Loss = 1.4907e-01, PNorm = 93.2147, GNorm = 0.8149, lr_0 = 2.3134e-04
Loss = 1.3799e-01, PNorm = 93.2255, GNorm = 2.3969, lr_0 = 2.3075e-04
Loss = 1.0463e-01, PNorm = 93.2426, GNorm = 2.0694, lr_0 = 2.3016e-04
Loss = 1.2147e-01, PNorm = 93.2597, GNorm = 1.7100, lr_0 = 2.2958e-04
Loss = 1.2173e-01, PNorm = 93.2710, GNorm = 0.6893, lr_0 = 2.2899e-04
Loss = 1.2050e-01, PNorm = 93.2796, GNorm = 2.2929, lr_0 = 2.2841e-04
Loss = 1.1328e-01, PNorm = 93.2938, GNorm = 1.4637, lr_0 = 2.2783e-04
Loss = 1.0944e-01, PNorm = 93.3036, GNorm = 2.6043, lr_0 = 2.2724e-04
Loss = 1.6116e-01, PNorm = 93.3169, GNorm = 2.0811, lr_0 = 2.2667e-04
Loss = 1.2320e-01, PNorm = 93.3332, GNorm = 1.4840, lr_0 = 2.2609e-04
Validation mcc = 0.546556
Validation auc = 0.838039
Validation accuracy = 0.773810
Validation f1 = 0.784397
Epoch 33
Loss = 1.2809e-01, PNorm = 93.3494, GNorm = 3.6417, lr_0 = 2.2545e-04
Loss = 1.1833e-01, PNorm = 93.3586, GNorm = 2.4643, lr_0 = 2.2488e-04
Loss = 1.5038e-01, PNorm = 93.3690, GNorm = 2.4174, lr_0 = 2.2431e-04
Loss = 1.3934e-01, PNorm = 93.3819, GNorm = 2.6476, lr_0 = 2.2374e-04
Loss = 1.0729e-01, PNorm = 93.3974, GNorm = 0.8947, lr_0 = 2.2316e-04
Loss = 1.5363e-01, PNorm = 93.4059, GNorm = 1.8271, lr_0 = 2.2260e-04
Loss = 1.0184e-01, PNorm = 93.4155, GNorm = 0.8528, lr_0 = 2.2203e-04
Loss = 1.2791e-01, PNorm = 93.4276, GNorm = 1.2976, lr_0 = 2.2146e-04
Loss = 1.0501e-01, PNorm = 93.4392, GNorm = 0.9295, lr_0 = 2.2090e-04
Loss = 1.1627e-01, PNorm = 93.4527, GNorm = 1.9138, lr_0 = 2.2034e-04
Loss = 1.2850e-01, PNorm = 93.4645, GNorm = 3.2939, lr_0 = 2.1977e-04
Loss = 1.1802e-01, PNorm = 93.4720, GNorm = 2.7931, lr_0 = 2.1921e-04
Loss = 1.2773e-01, PNorm = 93.4857, GNorm = 2.3031, lr_0 = 2.1866e-04
Loss = 1.1448e-01, PNorm = 93.4959, GNorm = 1.0650, lr_0 = 2.1810e-04
Loss = 1.4911e-01, PNorm = 93.5029, GNorm = 1.2187, lr_0 = 2.1754e-04
Loss = 1.2985e-01, PNorm = 93.5139, GNorm = 0.8733, lr_0 = 2.1699e-04
Loss = 1.1960e-01, PNorm = 93.5262, GNorm = 1.1728, lr_0 = 2.1644e-04
Loss = 1.1175e-01, PNorm = 93.5386, GNorm = 1.3420, lr_0 = 2.1588e-04
Validation mcc = 0.536862
Validation auc = 0.833589
Validation accuracy = 0.769345
Validation f1 = 0.784123
Epoch 34
Loss = 9.3489e-02, PNorm = 93.5517, GNorm = 1.0796, lr_0 = 2.1528e-04
Loss = 1.6937e-01, PNorm = 93.5642, GNorm = 2.2764, lr_0 = 2.1473e-04
Loss = 1.2114e-01, PNorm = 93.5689, GNorm = 0.8404, lr_0 = 2.1418e-04
Loss = 1.2569e-01, PNorm = 93.5830, GNorm = 1.6945, lr_0 = 2.1364e-04
Loss = 1.2798e-01, PNorm = 93.5959, GNorm = 1.7547, lr_0 = 2.1309e-04
Loss = 1.0610e-01, PNorm = 93.6121, GNorm = 2.2848, lr_0 = 2.1255e-04
Loss = 1.1600e-01, PNorm = 93.6290, GNorm = 1.8205, lr_0 = 2.1201e-04
Loss = 1.1004e-01, PNorm = 93.6444, GNorm = 2.0500, lr_0 = 2.1147e-04
Loss = 1.2583e-01, PNorm = 93.6486, GNorm = 1.7599, lr_0 = 2.1093e-04
Loss = 1.0024e-01, PNorm = 93.6606, GNorm = 1.2998, lr_0 = 2.1039e-04
Loss = 8.9236e-02, PNorm = 93.6698, GNorm = 1.5283, lr_0 = 2.0986e-04
Loss = 1.3792e-01, PNorm = 93.6810, GNorm = 2.7269, lr_0 = 2.0932e-04
Loss = 1.1189e-01, PNorm = 93.6882, GNorm = 2.7746, lr_0 = 2.0879e-04
Loss = 1.2482e-01, PNorm = 93.6977, GNorm = 2.0441, lr_0 = 2.0825e-04
Loss = 1.2872e-01, PNorm = 93.7059, GNorm = 2.2474, lr_0 = 2.0772e-04
Loss = 1.3659e-01, PNorm = 93.7165, GNorm = 1.8381, lr_0 = 2.0719e-04
Loss = 1.2943e-01, PNorm = 93.7171, GNorm = 0.9301, lr_0 = 2.0667e-04
Loss = 1.5393e-01, PNorm = 93.7273, GNorm = 2.6803, lr_0 = 2.0614e-04
Loss = 1.1154e-01, PNorm = 93.7366, GNorm = 1.5285, lr_0 = 2.0561e-04
Validation mcc = 0.522073
Validation auc = 0.836156
Validation accuracy = 0.761161
Validation f1 = 0.786427
Epoch 35
Loss = 1.6771e-01, PNorm = 93.7459, GNorm = 1.6141, lr_0 = 2.0509e-04
Loss = 1.1023e-01, PNorm = 93.7575, GNorm = 2.0751, lr_0 = 2.0457e-04
Loss = 1.1337e-01, PNorm = 93.7688, GNorm = 1.3331, lr_0 = 2.0405e-04
Loss = 9.9464e-02, PNorm = 93.7809, GNorm = 1.3708, lr_0 = 2.0353e-04
Loss = 9.3443e-02, PNorm = 93.7970, GNorm = 0.5368, lr_0 = 2.0301e-04
Loss = 1.1802e-01, PNorm = 93.8139, GNorm = 2.7376, lr_0 = 2.0249e-04
Loss = 1.0595e-01, PNorm = 93.8252, GNorm = 2.1561, lr_0 = 2.0197e-04
Loss = 8.5902e-02, PNorm = 93.8334, GNorm = 1.1934, lr_0 = 2.0146e-04
Loss = 1.2593e-01, PNorm = 93.8422, GNorm = 2.9711, lr_0 = 2.0095e-04
Loss = 9.0269e-02, PNorm = 93.8506, GNorm = 1.0446, lr_0 = 2.0043e-04
Loss = 1.0152e-01, PNorm = 93.8629, GNorm = 1.7497, lr_0 = 1.9992e-04
Loss = 1.0334e-01, PNorm = 93.8764, GNorm = 1.3863, lr_0 = 1.9941e-04
Loss = 1.0854e-01, PNorm = 93.8895, GNorm = 1.9875, lr_0 = 1.9891e-04
Loss = 1.0986e-01, PNorm = 93.8977, GNorm = 1.3813, lr_0 = 1.9840e-04
Loss = 1.0164e-01, PNorm = 93.9132, GNorm = 0.9103, lr_0 = 1.9789e-04
Loss = 9.3905e-02, PNorm = 93.9234, GNorm = 2.6527, lr_0 = 1.9739e-04
Loss = 9.7012e-02, PNorm = 93.9345, GNorm = 2.1271, lr_0 = 1.9689e-04
Loss = 1.2892e-01, PNorm = 93.9442, GNorm = 3.0628, lr_0 = 1.9638e-04
Loss = 1.6522e-01, PNorm = 93.9483, GNorm = 1.8404, lr_0 = 1.9588e-04
Validation mcc = 0.527807
Validation auc = 0.835472
Validation accuracy = 0.764881
Validation f1 = 0.782069
Epoch 36
Loss = 1.2505e-01, PNorm = 93.9594, GNorm = 2.5377, lr_0 = 1.9534e-04
Loss = 1.0888e-01, PNorm = 93.9654, GNorm = 2.0331, lr_0 = 1.9484e-04
Loss = 9.1352e-02, PNorm = 93.9769, GNorm = 1.1424, lr_0 = 1.9434e-04
Loss = 1.1254e-01, PNorm = 93.9869, GNorm = 2.6259, lr_0 = 1.9385e-04
Loss = 1.2266e-01, PNorm = 93.9961, GNorm = 1.3041, lr_0 = 1.9335e-04
Loss = 1.0964e-01, PNorm = 94.0033, GNorm = 1.6069, lr_0 = 1.9286e-04
Loss = 9.3301e-02, PNorm = 94.0163, GNorm = 1.4257, lr_0 = 1.9237e-04
Loss = 1.2763e-01, PNorm = 94.0229, GNorm = 0.6542, lr_0 = 1.9188e-04
Loss = 7.8729e-02, PNorm = 94.0346, GNorm = 2.0967, lr_0 = 1.9139e-04
Loss = 1.3236e-01, PNorm = 94.0424, GNorm = 1.7276, lr_0 = 1.9090e-04
Loss = 8.7685e-02, PNorm = 94.0533, GNorm = 0.6985, lr_0 = 1.9041e-04
Loss = 7.5426e-02, PNorm = 94.0627, GNorm = 0.9059, lr_0 = 1.8993e-04
Loss = 1.2304e-01, PNorm = 94.0708, GNorm = 2.8392, lr_0 = 1.8944e-04
Loss = 1.1620e-01, PNorm = 94.0779, GNorm = 0.8489, lr_0 = 1.8896e-04
Loss = 1.2725e-01, PNorm = 94.0850, GNorm = 2.1495, lr_0 = 1.8848e-04
Loss = 1.0057e-01, PNorm = 94.0963, GNorm = 2.4303, lr_0 = 1.8800e-04
Loss = 9.1880e-02, PNorm = 94.1066, GNorm = 1.5493, lr_0 = 1.8752e-04
Loss = 1.0845e-01, PNorm = 94.1126, GNorm = 2.0301, lr_0 = 1.8704e-04
Loss = 1.2780e-01, PNorm = 94.1231, GNorm = 1.5187, lr_0 = 1.8657e-04
Loss = 9.7372e-02, PNorm = 94.1241, GNorm = 1.8524, lr_0 = 1.8652e-04
Validation mcc = 0.548382
Validation auc = 0.843156
Validation accuracy = 0.774554
Validation f1 = 0.784034
Epoch 37
Loss = 8.5344e-02, PNorm = 94.1330, GNorm = 0.9474, lr_0 = 1.8604e-04
Loss = 1.0202e-01, PNorm = 94.1439, GNorm = 2.9359, lr_0 = 1.8557e-04
Loss = 9.8970e-02, PNorm = 94.1518, GNorm = 0.3224, lr_0 = 1.8510e-04
Loss = 7.8978e-02, PNorm = 94.1586, GNorm = 2.6992, lr_0 = 1.8462e-04
Loss = 1.2468e-01, PNorm = 94.1707, GNorm = 1.4578, lr_0 = 1.8415e-04
Loss = 1.0242e-01, PNorm = 94.1789, GNorm = 0.7722, lr_0 = 1.8368e-04
Loss = 1.2122e-01, PNorm = 94.1867, GNorm = 1.3537, lr_0 = 1.8322e-04
Loss = 1.1794e-01, PNorm = 94.2019, GNorm = 1.4042, lr_0 = 1.8275e-04
Loss = 8.3179e-02, PNorm = 94.2127, GNorm = 2.1555, lr_0 = 1.8228e-04
Loss = 1.0974e-01, PNorm = 94.2230, GNorm = 1.2843, lr_0 = 1.8182e-04
Loss = 1.0535e-01, PNorm = 94.2347, GNorm = 1.2423, lr_0 = 1.8136e-04
Loss = 1.1306e-01, PNorm = 94.2413, GNorm = 2.5993, lr_0 = 1.8089e-04
Loss = 1.1231e-01, PNorm = 94.2498, GNorm = 2.3080, lr_0 = 1.8043e-04
Loss = 1.3913e-01, PNorm = 94.2550, GNorm = 2.3377, lr_0 = 1.7997e-04
Loss = 1.0219e-01, PNorm = 94.2632, GNorm = 1.2965, lr_0 = 1.7951e-04
Loss = 7.4172e-02, PNorm = 94.2707, GNorm = 1.5049, lr_0 = 1.7906e-04
Loss = 1.1584e-01, PNorm = 94.2811, GNorm = 1.9883, lr_0 = 1.7860e-04
Loss = 1.2099e-01, PNorm = 94.2865, GNorm = 1.2518, lr_0 = 1.7815e-04
Validation mcc = 0.539913
Validation auc = 0.840796
Validation accuracy = 0.770833
Validation f1 = 0.784916
Epoch 38
Loss = 6.7094e-02, PNorm = 94.2911, GNorm = 0.8687, lr_0 = 1.7769e-04
Loss = 9.2743e-02, PNorm = 94.3026, GNorm = 1.9264, lr_0 = 1.7724e-04
Loss = 1.0373e-01, PNorm = 94.3096, GNorm = 2.4246, lr_0 = 1.7679e-04
Loss = 1.0486e-01, PNorm = 94.3198, GNorm = 2.6002, lr_0 = 1.7634e-04
Loss = 8.6763e-02, PNorm = 94.3278, GNorm = 1.0320, lr_0 = 1.7589e-04
Loss = 9.0475e-02, PNorm = 94.3376, GNorm = 0.6730, lr_0 = 1.7544e-04
Loss = 1.1238e-01, PNorm = 94.3438, GNorm = 2.0426, lr_0 = 1.7499e-04
Loss = 9.9468e-02, PNorm = 94.3530, GNorm = 0.9354, lr_0 = 1.7455e-04
Loss = 9.5854e-02, PNorm = 94.3605, GNorm = 2.0496, lr_0 = 1.7410e-04
Loss = 9.2832e-02, PNorm = 94.3696, GNorm = 2.8147, lr_0 = 1.7366e-04
Loss = 1.0548e-01, PNorm = 94.3777, GNorm = 4.3950, lr_0 = 1.7322e-04
Loss = 1.2159e-01, PNorm = 94.3814, GNorm = 1.0154, lr_0 = 1.7277e-04
Loss = 1.0955e-01, PNorm = 94.3894, GNorm = 1.3192, lr_0 = 1.7233e-04
Loss = 1.2448e-01, PNorm = 94.3929, GNorm = 2.0103, lr_0 = 1.7189e-04
Loss = 1.0120e-01, PNorm = 94.4051, GNorm = 1.8522, lr_0 = 1.7146e-04
Loss = 1.1979e-01, PNorm = 94.4115, GNorm = 1.9110, lr_0 = 1.7102e-04
Loss = 1.1263e-01, PNorm = 94.4168, GNorm = 1.6478, lr_0 = 1.7058e-04
Loss = 1.3874e-01, PNorm = 94.4215, GNorm = 1.2194, lr_0 = 1.7015e-04
Loss = 6.9019e-02, PNorm = 94.4287, GNorm = 0.9873, lr_0 = 1.6972e-04
Validation mcc = 0.523941
Validation auc = 0.840250
Validation accuracy = 0.762649
Validation f1 = 0.784605
Epoch 39
Loss = 8.0547e-02, PNorm = 94.4385, GNorm = 0.3709, lr_0 = 1.6924e-04
Loss = 1.0897e-01, PNorm = 94.4486, GNorm = 1.8130, lr_0 = 1.6881e-04
Loss = 8.2894e-02, PNorm = 94.4586, GNorm = 2.3152, lr_0 = 1.6838e-04
Loss = 8.2339e-02, PNorm = 94.4661, GNorm = 1.6150, lr_0 = 1.6795e-04
Loss = 9.4653e-02, PNorm = 94.4746, GNorm = 1.8892, lr_0 = 1.6752e-04
Loss = 1.1793e-01, PNorm = 94.4813, GNorm = 2.2294, lr_0 = 1.6709e-04
Loss = 9.1841e-02, PNorm = 94.4862, GNorm = 1.4637, lr_0 = 1.6667e-04
Loss = 8.5617e-02, PNorm = 94.4918, GNorm = 1.9796, lr_0 = 1.6624e-04
Loss = 1.0812e-01, PNorm = 94.5029, GNorm = 1.0483, lr_0 = 1.6582e-04
Loss = 9.3887e-02, PNorm = 94.5075, GNorm = 1.3447, lr_0 = 1.6540e-04
Loss = 1.1067e-01, PNorm = 94.5183, GNorm = 1.0194, lr_0 = 1.6498e-04
Loss = 8.0949e-02, PNorm = 94.5249, GNorm = 2.6828, lr_0 = 1.6456e-04
Loss = 1.0677e-01, PNorm = 94.5349, GNorm = 1.9466, lr_0 = 1.6414e-04
Loss = 1.0353e-01, PNorm = 94.5433, GNorm = 1.7230, lr_0 = 1.6372e-04
Loss = 9.7823e-02, PNorm = 94.5473, GNorm = 1.9198, lr_0 = 1.6330e-04
Loss = 8.8264e-02, PNorm = 94.5580, GNorm = 1.0326, lr_0 = 1.6288e-04
Loss = 1.2407e-01, PNorm = 94.5657, GNorm = 3.4320, lr_0 = 1.6247e-04
Loss = 1.3484e-01, PNorm = 94.5721, GNorm = 2.0547, lr_0 = 1.6206e-04
Loss = 1.1251e-01, PNorm = 94.5779, GNorm = 2.2824, lr_0 = 1.6164e-04
Validation mcc = 0.562844
Validation auc = 0.843283
Validation accuracy = 0.781994
Validation f1 = 0.792640
Epoch 40
Loss = 6.3753e-02, PNorm = 94.5852, GNorm = 2.6462, lr_0 = 1.6119e-04
Loss = 7.1892e-02, PNorm = 94.5945, GNorm = 1.4079, lr_0 = 1.6078e-04
Loss = 8.5512e-02, PNorm = 94.6025, GNorm = 1.4576, lr_0 = 1.6037e-04
Loss = 9.9734e-02, PNorm = 94.6113, GNorm = 1.8807, lr_0 = 1.5996e-04
Loss = 6.5879e-02, PNorm = 94.6226, GNorm = 1.5918, lr_0 = 1.5955e-04
Loss = 1.0755e-01, PNorm = 94.6307, GNorm = 3.7825, lr_0 = 1.5915e-04
Loss = 9.7768e-02, PNorm = 94.6370, GNorm = 3.4999, lr_0 = 1.5874e-04
Loss = 1.0454e-01, PNorm = 94.6411, GNorm = 2.2887, lr_0 = 1.5834e-04
Loss = 1.0803e-01, PNorm = 94.6445, GNorm = 1.7906, lr_0 = 1.5793e-04
Loss = 9.6557e-02, PNorm = 94.6551, GNorm = 1.1484, lr_0 = 1.5753e-04
Loss = 7.7029e-02, PNorm = 94.6648, GNorm = 0.7180, lr_0 = 1.5713e-04
Loss = 1.2410e-01, PNorm = 94.6698, GNorm = 2.0873, lr_0 = 1.5673e-04
Loss = 9.0457e-02, PNorm = 94.6752, GNorm = 2.9982, lr_0 = 1.5633e-04
Loss = 8.4886e-02, PNorm = 94.6848, GNorm = 1.7346, lr_0 = 1.5593e-04
Loss = 9.1825e-02, PNorm = 94.6914, GNorm = 0.7144, lr_0 = 1.5553e-04
Loss = 9.1009e-02, PNorm = 94.7014, GNorm = 4.3316, lr_0 = 1.5514e-04
Loss = 1.1126e-01, PNorm = 94.7043, GNorm = 1.9925, lr_0 = 1.5474e-04
Loss = 9.4384e-02, PNorm = 94.7094, GNorm = 1.8609, lr_0 = 1.5435e-04
Loss = 1.2009e-01, PNorm = 94.7098, GNorm = 4.5991, lr_0 = 1.5395e-04
Validation mcc = 0.542903
Validation auc = 0.841698
Validation accuracy = 0.772321
Validation f1 = 0.786313
Epoch 41
Loss = 1.0654e-01, PNorm = 94.7142, GNorm = 1.2494, lr_0 = 1.5356e-04
Loss = 1.0367e-01, PNorm = 94.7184, GNorm = 1.3027, lr_0 = 1.5317e-04
Loss = 8.8968e-02, PNorm = 94.7258, GNorm = 2.1673, lr_0 = 1.5278e-04
Loss = 9.2520e-02, PNorm = 94.7362, GNorm = 2.1926, lr_0 = 1.5239e-04
Loss = 1.0522e-01, PNorm = 94.7395, GNorm = 1.6481, lr_0 = 1.5200e-04
Loss = 8.1901e-02, PNorm = 94.7471, GNorm = 2.4219, lr_0 = 1.5161e-04
Loss = 9.1641e-02, PNorm = 94.7580, GNorm = 0.5316, lr_0 = 1.5123e-04
Loss = 7.8883e-02, PNorm = 94.7681, GNorm = 1.9167, lr_0 = 1.5084e-04
Loss = 8.9685e-02, PNorm = 94.7747, GNorm = 2.2611, lr_0 = 1.5046e-04
Loss = 9.0027e-02, PNorm = 94.7805, GNorm = 2.0836, lr_0 = 1.5007e-04
Loss = 9.4691e-02, PNorm = 94.7866, GNorm = 2.7531, lr_0 = 1.4969e-04
Loss = 1.0820e-01, PNorm = 94.7917, GNorm = 1.5960, lr_0 = 1.4931e-04
Loss = 9.0138e-02, PNorm = 94.7989, GNorm = 0.9650, lr_0 = 1.4893e-04
Loss = 8.9662e-02, PNorm = 94.8074, GNorm = 1.4689, lr_0 = 1.4855e-04
Loss = 9.1620e-02, PNorm = 94.8118, GNorm = 1.9352, lr_0 = 1.4817e-04
Loss = 1.0087e-01, PNorm = 94.8167, GNorm = 1.2606, lr_0 = 1.4779e-04
Loss = 1.0574e-01, PNorm = 94.8215, GNorm = 1.5663, lr_0 = 1.4742e-04
Loss = 1.0113e-01, PNorm = 94.8277, GNorm = 0.8230, lr_0 = 1.4704e-04
Validation mcc = 0.559268
Validation auc = 0.840918
Validation accuracy = 0.780506
Validation f1 = 0.794997
Epoch 42
Loss = 2.0639e-01, PNorm = 94.8344, GNorm = 5.0690, lr_0 = 1.4663e-04
Loss = 7.1181e-02, PNorm = 94.8425, GNorm = 0.6049, lr_0 = 1.4626e-04
Loss = 8.1929e-02, PNorm = 94.8469, GNorm = 1.1824, lr_0 = 1.4588e-04
Loss = 8.0754e-02, PNorm = 94.8560, GNorm = 1.0607, lr_0 = 1.4551e-04
Loss = 8.4057e-02, PNorm = 94.8655, GNorm = 1.9335, lr_0 = 1.4514e-04
Loss = 6.5562e-02, PNorm = 94.8704, GNorm = 1.4842, lr_0 = 1.4477e-04
Loss = 8.9539e-02, PNorm = 94.8800, GNorm = 1.9644, lr_0 = 1.4440e-04
Loss = 9.6738e-02, PNorm = 94.8868, GNorm = 1.0844, lr_0 = 1.4403e-04
Loss = 8.2473e-02, PNorm = 94.8965, GNorm = 1.9552, lr_0 = 1.4367e-04
Loss = 8.1889e-02, PNorm = 94.9027, GNorm = 1.4454, lr_0 = 1.4330e-04
Loss = 7.4847e-02, PNorm = 94.9111, GNorm = 2.2160, lr_0 = 1.4294e-04
Loss = 9.3180e-02, PNorm = 94.9149, GNorm = 1.7108, lr_0 = 1.4257e-04
Loss = 1.1285e-01, PNorm = 94.9183, GNorm = 2.2558, lr_0 = 1.4221e-04
Loss = 9.8219e-02, PNorm = 94.9214, GNorm = 1.9678, lr_0 = 1.4185e-04
Loss = 6.8192e-02, PNorm = 94.9235, GNorm = 1.0174, lr_0 = 1.4148e-04
Loss = 8.9076e-02, PNorm = 94.9323, GNorm = 1.3224, lr_0 = 1.4112e-04
Loss = 6.9130e-02, PNorm = 94.9390, GNorm = 1.6388, lr_0 = 1.4076e-04
Loss = 1.1443e-01, PNorm = 94.9396, GNorm = 1.4900, lr_0 = 1.4041e-04
Loss = 1.0822e-01, PNorm = 94.9435, GNorm = 1.6435, lr_0 = 1.4005e-04
Validation mcc = 0.555595
Validation auc = 0.838703
Validation accuracy = 0.778274
Validation f1 = 0.788352
Epoch 43
Loss = 7.2392e-02, PNorm = 94.9485, GNorm = 0.8621, lr_0 = 1.3966e-04
Loss = 6.9296e-02, PNorm = 94.9549, GNorm = 0.7209, lr_0 = 1.3930e-04
Loss = 7.4803e-02, PNorm = 94.9591, GNorm = 1.6742, lr_0 = 1.3894e-04
Loss = 1.0759e-01, PNorm = 94.9653, GNorm = 1.6019, lr_0 = 1.3859e-04
Loss = 1.2382e-01, PNorm = 94.9637, GNorm = 3.3850, lr_0 = 1.3824e-04
Loss = 1.0652e-01, PNorm = 94.9659, GNorm = 1.4461, lr_0 = 1.3788e-04
Loss = 9.4942e-02, PNorm = 94.9746, GNorm = 1.1637, lr_0 = 1.3753e-04
Loss = 8.4237e-02, PNorm = 94.9807, GNorm = 1.2717, lr_0 = 1.3718e-04
Loss = 7.4797e-02, PNorm = 94.9899, GNorm = 1.4688, lr_0 = 1.3683e-04
Loss = 9.6301e-02, PNorm = 94.9952, GNorm = 2.0210, lr_0 = 1.3648e-04
Loss = 9.9087e-02, PNorm = 95.0014, GNorm = 0.8780, lr_0 = 1.3614e-04
Loss = 7.8152e-02, PNorm = 95.0090, GNorm = 1.2041, lr_0 = 1.3579e-04
Loss = 6.4199e-02, PNorm = 95.0172, GNorm = 1.1274, lr_0 = 1.3544e-04
Loss = 9.5923e-02, PNorm = 95.0237, GNorm = 1.1161, lr_0 = 1.3510e-04
Loss = 6.4476e-02, PNorm = 95.0299, GNorm = 0.8066, lr_0 = 1.3475e-04
Loss = 1.2627e-01, PNorm = 95.0384, GNorm = 1.6715, lr_0 = 1.3441e-04
Loss = 1.0576e-01, PNorm = 95.0397, GNorm = 2.2680, lr_0 = 1.3407e-04
Loss = 7.2372e-02, PNorm = 95.0453, GNorm = 1.5905, lr_0 = 1.3373e-04
Loss = 8.2564e-02, PNorm = 95.0500, GNorm = 3.9803, lr_0 = 1.3339e-04
Validation mcc = 0.549228
Validation auc = 0.836326
Validation accuracy = 0.774554
Validation f1 = 0.781857
Epoch 44
Loss = 4.0701e-02, PNorm = 95.0569, GNorm = 1.4301, lr_0 = 1.3305e-04
Loss = 1.0401e-01, PNorm = 95.0600, GNorm = 1.5030, lr_0 = 1.3271e-04
Loss = 8.3563e-02, PNorm = 95.0647, GNorm = 0.7271, lr_0 = 1.3237e-04
Loss = 6.8324e-02, PNorm = 95.0741, GNorm = 2.5278, lr_0 = 1.3203e-04
Loss = 8.1405e-02, PNorm = 95.0792, GNorm = 2.1135, lr_0 = 1.3170e-04
Loss = 5.8000e-02, PNorm = 95.0863, GNorm = 1.1444, lr_0 = 1.3136e-04
Loss = 9.9245e-02, PNorm = 95.0923, GNorm = 2.4025, lr_0 = 1.3102e-04
Loss = 7.0253e-02, PNorm = 95.0973, GNorm = 2.1841, lr_0 = 1.3069e-04
Loss = 7.7537e-02, PNorm = 95.1039, GNorm = 2.5125, lr_0 = 1.3036e-04
Loss = 8.5382e-02, PNorm = 95.1039, GNorm = 1.3097, lr_0 = 1.3003e-04
Loss = 8.6270e-02, PNorm = 95.1115, GNorm = 1.7324, lr_0 = 1.2969e-04
Loss = 7.0857e-02, PNorm = 95.1179, GNorm = 1.2882, lr_0 = 1.2936e-04
Loss = 8.3247e-02, PNorm = 95.1207, GNorm = 1.6669, lr_0 = 1.2903e-04
Loss = 9.8376e-02, PNorm = 95.1276, GNorm = 1.0620, lr_0 = 1.2871e-04
Loss = 1.0676e-01, PNorm = 95.1291, GNorm = 1.4182, lr_0 = 1.2838e-04
Loss = 7.7127e-02, PNorm = 95.1328, GNorm = 0.8371, lr_0 = 1.2805e-04
Loss = 9.1494e-02, PNorm = 95.1373, GNorm = 1.0422, lr_0 = 1.2772e-04
Loss = 9.5043e-02, PNorm = 95.1415, GNorm = 2.1576, lr_0 = 1.2740e-04
Validation mcc = 0.556891
Validation auc = 0.838582
Validation accuracy = 0.778274
Validation f1 = 0.784993
Epoch 45
Loss = 7.8749e-02, PNorm = 95.1492, GNorm = 1.3267, lr_0 = 1.2704e-04
Loss = 7.8549e-02, PNorm = 95.1536, GNorm = 2.0840, lr_0 = 1.2672e-04
Loss = 7.8234e-02, PNorm = 95.1572, GNorm = 1.4581, lr_0 = 1.2639e-04
Loss = 7.0115e-02, PNorm = 95.1649, GNorm = 1.7261, lr_0 = 1.2607e-04
Loss = 9.3969e-02, PNorm = 95.1688, GNorm = 1.3512, lr_0 = 1.2575e-04
Loss = 8.0152e-02, PNorm = 95.1740, GNorm = 1.0697, lr_0 = 1.2543e-04
Loss = 7.2911e-02, PNorm = 95.1801, GNorm = 1.5567, lr_0 = 1.2511e-04
Loss = 7.0055e-02, PNorm = 95.1861, GNorm = 1.3269, lr_0 = 1.2479e-04
Loss = 9.6370e-02, PNorm = 95.1901, GNorm = 2.1036, lr_0 = 1.2447e-04
Loss = 5.8288e-02, PNorm = 95.1924, GNorm = 0.8599, lr_0 = 1.2416e-04
Loss = 7.7022e-02, PNorm = 95.1941, GNorm = 0.7264, lr_0 = 1.2384e-04
Loss = 7.7661e-02, PNorm = 95.2000, GNorm = 1.2775, lr_0 = 1.2353e-04
Loss = 7.7196e-02, PNorm = 95.2059, GNorm = 0.4577, lr_0 = 1.2321e-04
Loss = 8.6289e-02, PNorm = 95.2078, GNorm = 0.8757, lr_0 = 1.2290e-04
Loss = 9.5142e-02, PNorm = 95.2120, GNorm = 1.0753, lr_0 = 1.2258e-04
Loss = 9.9493e-02, PNorm = 95.2158, GNorm = 2.0987, lr_0 = 1.2227e-04
Loss = 8.8487e-02, PNorm = 95.2223, GNorm = 2.3113, lr_0 = 1.2196e-04
Loss = 1.0287e-01, PNorm = 95.2256, GNorm = 2.1907, lr_0 = 1.2165e-04
Loss = 7.2123e-02, PNorm = 95.2292, GNorm = 1.8479, lr_0 = 1.2134e-04
Validation mcc = 0.544352
Validation auc = 0.837276
Validation accuracy = 0.773065
Validation f1 = 0.787456
Epoch 46
Loss = 8.2000e-02, PNorm = 95.2346, GNorm = 1.7257, lr_0 = 1.2100e-04
Loss = 9.5263e-02, PNorm = 95.2396, GNorm = 2.9135, lr_0 = 1.2069e-04
Loss = 8.1956e-02, PNorm = 95.2434, GNorm = 1.9324, lr_0 = 1.2038e-04
Loss = 8.9387e-02, PNorm = 95.2466, GNorm = 1.0169, lr_0 = 1.2008e-04
Loss = 5.9824e-02, PNorm = 95.2546, GNorm = 1.7544, lr_0 = 1.1977e-04
Loss = 7.0690e-02, PNorm = 95.2609, GNorm = 1.0817, lr_0 = 1.1946e-04
Loss = 8.2421e-02, PNorm = 95.2685, GNorm = 1.0487, lr_0 = 1.1916e-04
Loss = 7.9636e-02, PNorm = 95.2740, GNorm = 0.8606, lr_0 = 1.1886e-04
Loss = 6.6888e-02, PNorm = 95.2809, GNorm = 1.8854, lr_0 = 1.1855e-04
Loss = 8.7767e-02, PNorm = 95.2858, GNorm = 3.6861, lr_0 = 1.1825e-04
Loss = 7.3399e-02, PNorm = 95.2898, GNorm = 1.4864, lr_0 = 1.1795e-04
Loss = 9.1948e-02, PNorm = 95.2958, GNorm = 2.8305, lr_0 = 1.1765e-04
Loss = 7.6231e-02, PNorm = 95.2992, GNorm = 1.1329, lr_0 = 1.1735e-04
Loss = 9.7448e-02, PNorm = 95.3042, GNorm = 1.3875, lr_0 = 1.1705e-04
Loss = 7.8108e-02, PNorm = 95.3083, GNorm = 2.5376, lr_0 = 1.1675e-04
Loss = 8.2263e-02, PNorm = 95.3123, GNorm = 1.7622, lr_0 = 1.1645e-04
Loss = 7.1068e-02, PNorm = 95.3157, GNorm = 3.2198, lr_0 = 1.1616e-04
Loss = 7.6083e-02, PNorm = 95.3189, GNorm = 1.5726, lr_0 = 1.1586e-04
Loss = 8.5814e-02, PNorm = 95.3240, GNorm = 1.6496, lr_0 = 1.1557e-04
Validation mcc = 0.549723
Validation auc = 0.838593
Validation accuracy = 0.775298
Validation f1 = 0.785206
Epoch 47
Loss = 6.4370e-02, PNorm = 95.3272, GNorm = 1.9165, lr_0 = 1.1527e-04
Loss = 8.7664e-02, PNorm = 95.3326, GNorm = 3.0366, lr_0 = 1.1498e-04
Loss = 4.9573e-02, PNorm = 95.3387, GNorm = 1.7113, lr_0 = 1.1469e-04
Loss = 7.7727e-02, PNorm = 95.3433, GNorm = 2.4767, lr_0 = 1.1439e-04
Loss = 7.8751e-02, PNorm = 95.3468, GNorm = 3.1906, lr_0 = 1.1410e-04
Loss = 6.2424e-02, PNorm = 95.3498, GNorm = 1.0557, lr_0 = 1.1381e-04
Loss = 8.1550e-02, PNorm = 95.3529, GNorm = 1.4530, lr_0 = 1.1352e-04
Loss = 6.5313e-02, PNorm = 95.3565, GNorm = 1.0430, lr_0 = 1.1323e-04
Loss = 8.4172e-02, PNorm = 95.3591, GNorm = 1.1920, lr_0 = 1.1294e-04
Loss = 7.1700e-02, PNorm = 95.3609, GNorm = 1.4414, lr_0 = 1.1266e-04
Loss = 8.5684e-02, PNorm = 95.3659, GNorm = 0.7092, lr_0 = 1.1237e-04
Loss = 7.8661e-02, PNorm = 95.3716, GNorm = 4.5698, lr_0 = 1.1208e-04
Loss = 7.8959e-02, PNorm = 95.3757, GNorm = 2.2877, lr_0 = 1.1180e-04
Loss = 6.5072e-02, PNorm = 95.3827, GNorm = 1.9110, lr_0 = 1.1151e-04
Loss = 6.3710e-02, PNorm = 95.3874, GNorm = 0.7458, lr_0 = 1.1123e-04
Loss = 6.8717e-02, PNorm = 95.3931, GNorm = 1.7500, lr_0 = 1.1094e-04
Loss = 7.1169e-02, PNorm = 95.3994, GNorm = 3.3726, lr_0 = 1.1066e-04
Loss = 8.2571e-02, PNorm = 95.3999, GNorm = 1.1872, lr_0 = 1.1038e-04
Loss = 9.9414e-02, PNorm = 95.4040, GNorm = 1.2566, lr_0 = 1.1010e-04
Validation mcc = 0.543663
Validation auc = 0.835412
Validation accuracy = 0.772321
Validation f1 = 0.782670
Epoch 48
Loss = 5.4252e-02, PNorm = 95.4087, GNorm = 1.1260, lr_0 = 1.0979e-04
Loss = 6.5507e-02, PNorm = 95.4133, GNorm = 2.1841, lr_0 = 1.0951e-04
Loss = 6.5385e-02, PNorm = 95.4203, GNorm = 1.0043, lr_0 = 1.0923e-04
Loss = 6.9104e-02, PNorm = 95.4249, GNorm = 2.9202, lr_0 = 1.0895e-04
Loss = 9.3283e-02, PNorm = 95.4281, GNorm = 1.3025, lr_0 = 1.0867e-04
Loss = 7.1450e-02, PNorm = 95.4341, GNorm = 0.8786, lr_0 = 1.0840e-04
Loss = 7.3985e-02, PNorm = 95.4388, GNorm = 1.9829, lr_0 = 1.0812e-04
Loss = 5.3537e-02, PNorm = 95.4451, GNorm = 1.9308, lr_0 = 1.0785e-04
Loss = 8.5214e-02, PNorm = 95.4490, GNorm = 1.0977, lr_0 = 1.0757e-04
Loss = 7.2924e-02, PNorm = 95.4516, GNorm = 1.9285, lr_0 = 1.0730e-04
Loss = 5.8883e-02, PNorm = 95.4571, GNorm = 2.3309, lr_0 = 1.0702e-04
Loss = 1.0627e-01, PNorm = 95.4632, GNorm = 1.9305, lr_0 = 1.0675e-04
Loss = 9.9540e-02, PNorm = 95.4647, GNorm = 0.7373, lr_0 = 1.0648e-04
Loss = 5.3273e-02, PNorm = 95.4653, GNorm = 1.8634, lr_0 = 1.0621e-04
Loss = 9.6879e-02, PNorm = 95.4729, GNorm = 2.1113, lr_0 = 1.0594e-04
Loss = 9.3597e-02, PNorm = 95.4710, GNorm = 1.6769, lr_0 = 1.0567e-04
Loss = 6.2796e-02, PNorm = 95.4742, GNorm = 2.0300, lr_0 = 1.0540e-04
Loss = 9.6594e-02, PNorm = 95.4805, GNorm = 2.1860, lr_0 = 1.0513e-04
Validation mcc = 0.532502
Validation auc = 0.834836
Validation accuracy = 0.766369
Validation f1 = 0.774749
Epoch 49
Loss = 1.0154e-01, PNorm = 95.4825, GNorm = 1.9453, lr_0 = 1.0483e-04
Loss = 5.8965e-02, PNorm = 95.4852, GNorm = 1.5846, lr_0 = 1.0457e-04
Loss = 6.4342e-02, PNorm = 95.4883, GNorm = 1.4100, lr_0 = 1.0430e-04
Loss = 8.4955e-02, PNorm = 95.4925, GNorm = 3.5023, lr_0 = 1.0403e-04
Loss = 7.8103e-02, PNorm = 95.4977, GNorm = 0.6687, lr_0 = 1.0377e-04
Loss = 8.2040e-02, PNorm = 95.5001, GNorm = 3.5359, lr_0 = 1.0350e-04
Loss = 7.3697e-02, PNorm = 95.5019, GNorm = 2.1708, lr_0 = 1.0324e-04
Loss = 9.7785e-02, PNorm = 95.5069, GNorm = 1.8364, lr_0 = 1.0298e-04
Loss = 7.3488e-02, PNorm = 95.5091, GNorm = 0.9938, lr_0 = 1.0272e-04
Loss = 6.5871e-02, PNorm = 95.5145, GNorm = 0.3596, lr_0 = 1.0245e-04
Loss = 5.9948e-02, PNorm = 95.5197, GNorm = 1.1049, lr_0 = 1.0219e-04
Loss = 6.6602e-02, PNorm = 95.5237, GNorm = 1.5544, lr_0 = 1.0193e-04
Loss = 6.2455e-02, PNorm = 95.5288, GNorm = 1.7056, lr_0 = 1.0167e-04
Loss = 8.0018e-02, PNorm = 95.5343, GNorm = 2.7055, lr_0 = 1.0141e-04
Loss = 8.1160e-02, PNorm = 95.5387, GNorm = 2.5057, lr_0 = 1.0115e-04
Loss = 8.4158e-02, PNorm = 95.5413, GNorm = 1.1238, lr_0 = 1.0090e-04
Loss = 7.4490e-02, PNorm = 95.5456, GNorm = 1.0667, lr_0 = 1.0064e-04
Loss = 8.1948e-02, PNorm = 95.5467, GNorm = 0.1994, lr_0 = 1.0038e-04
Loss = 6.9108e-02, PNorm = 95.5523, GNorm = 3.3336, lr_0 = 1.0013e-04
Validation mcc = 0.543000
Validation auc = 0.835506
Validation accuracy = 0.771577
Validation f1 = 0.779612
Model 0 best validation mcc = 0.562844 on epoch 39
Loading pretrained parameter "encoder.encoder.0.cached_zero_vector".
Loading pretrained parameter "encoder.encoder.0.W_i.weight".
Loading pretrained parameter "encoder.encoder.0.W_h.weight".
Loading pretrained parameter "encoder.encoder.0.W_o.weight".
Loading pretrained parameter "encoder.encoder.0.W_o.bias".
Loading pretrained parameter "readout.1.weight".
Loading pretrained parameter "readout.1.bias".
Loading pretrained parameter "readout.4.weight".
Loading pretrained parameter "readout.4.bias".
Loading pretrained parameter "readout.7.weight".
Loading pretrained parameter "readout.7.bias".
Moving model to cuda
Model 0 test mcc = 0.558294
Model 0 test auc = 0.854234
Model 0 test accuracy = 0.778810
Model 0 test f1 = 0.780524
Ensemble test mcc = 0.558294
Ensemble test auc = 0.854234
Ensemble test accuracy = 0.778810
Ensemble test f1 = 0.780524
1-fold cross validation
	Seed 42 ==> test mcc = 0.558294
	Seed 42 ==> test auc = 0.854234
	Seed 42 ==> test accuracy = 0.778810
	Seed 42 ==> test f1 = 0.780524
Overall test mcc = 0.558294 +/- 0.000000
Overall test auc = 0.854234 +/- 0.000000
Overall test accuracy = 0.778810 +/- 0.000000
Overall test f1 = 0.780524 +/- 0.000000
Elapsed time = 0:19:03
